Component: ARM Compiler 5.06 update 3 (build 300) Tool: armlink [4d35c9]

==============================================================================

Section Cross References

    utils.o(i._Z3mapfffff) refers to utils.o(i._Z4normfff) for norm(float, float, float)
    utils.o(i._Z3mapfffff) refers to utils.o(i._Z4lerpfff) for lerp(float, float, float)
    utils.o(i._Z9randrangeii) refers to rand.o(.emb_text) for rand
    utils.o(.ARM.exidx) refers to utils.o(i._Z4normfff) for i._Z4normfff
    utils.o(.ARM.exidx) refers to utils.o(i._Z4lerpfff) for i._Z4lerpfff
    utils.o(.ARM.exidx) refers to utils.o(i._Z3mapfffff) for i._Z3mapfffff
    utils.o(.ARM.exidx) refers to utils.o(i._Z9randrangeii) for i._Z9randrangeii
    utils.o(.ARM.exidx) refers to utils.o(i._Z7radiansf) for i._Z7radiansf
    controller.o(i._Z12jsPrsdAndHld7btnId_t) refers to assert.o(i.mbed_assert_internal) for mbed_assert_internal
    controller.o(i._Z12jsPrsdAndHld7btnId_t) refers to controller.o(.bss) for joystick
    controller.o(i._Z12jsPrsdAndHld7btnId_t) refers to controller.o(.conststring) for .conststring
    controller.o(i._Z12jsPrsdAndHld7btnId_t) refers to controller.o(.data) for savedState
    controller.o(i._Z4firev) refers to model.o(i._Z14missile_systemv) for missile_system()
    controller.o(i._Z8controlsv) refers to controller.o(i._Z12jsPrsdAndHld7btnId_t) for jsPrsdAndHld(btnId_t)
    controller.o(i._Z8controlsv) refers to controller.o(i._Z4firev) for fire()
    controller.o(i._Z8controlsv) refers to asteroids.o(.bss) for player
    controller.o(i._Z8controlsv) refers to asteroids.o(.data) for paused
    controller.o(i.__sti___14_controller_cpp_joystick) refers to controller.o(i._ZN4mbed9DigitalInC1E7PinName) for mbed::DigitalIn::DigitalIn(PinName)
    controller.o(i.__sti___14_controller_cpp_joystick) refers to controller.o(.bss) for joystick
    controller.o(.ARM.exidx) refers to controller.o(i._Z4firev) for i._Z4firev
    controller.o(.ARM.exidx) refers to controller.o(i._Z12jsPrsdAndHld7btnId_t) for i._Z12jsPrsdAndHld7btnId_t
    controller.o(.ARM.exidx) refers to controller.o(i._Z8controlsv) for i._Z8controlsv
    controller.o(.ARM.exidx) refers to controller.o(i.__sti___14_controller_cpp_joystick) for i.__sti___14_controller_cpp_joystick
    controller.o(.init_array) refers to controller.o(i.__sti___14_controller_cpp_joystick) for __sti___14_controller_cpp_joystick
    controller.o(.init_array) refers to init_aeabi.o(.text) for __cpp_initialize__aeabi_
    model.o(i._Z10aallocnodev) refers to model.o(.data) for mfreenodes
    model.o(i._Z10mallocnodev) refers to model.o(.data) for mfreenodes
    model.o(i._Z11ainitialisev) refers to model.o(.bss) for adata
    model.o(i._Z11ainitialisev) refers to model.o(.data) for afreenodes
    model.o(i._Z11minitialisev) refers to model.o(.bss) for mdata
    model.o(i._Z11minitialisev) refers to model.o(.data) for mfreenodes
    model.o(i._Z14missile_systemv) refers to model.o(i._Z10mallocnodev) for mallocnode()
    model.o(i._Z14missile_systemv) refers to model.o(i._Z7mcreateP7missile) for mcreate(missile*)
    model.o(i._Z14missile_systemv) refers to model.o(i._Z7mupdateP7missile) for mupdate(missile*)
    model.o(i._Z14missile_systemv) refers to model.o(.data) for shots
    model.o(i._Z15asteroid_systemv) refers to model.o(i._Z10aallocnodev) for aallocnode()
    model.o(i._Z15asteroid_systemv) refers to model.o(i._Z7acreateP8asteroid) for acreate(asteroid*)
    model.o(i._Z15asteroid_systemv) refers to model.o(.data) for ct
    model.o(i._Z18missiles_hit_rocksP7missileP8asteroid) refers to model.o(i._Z7acreateP8asteroid) for acreate(asteroid*)
    model.o(i._Z18missiles_hit_rocksP7missileP8asteroid) refers to model.o(i._Z7mcreateP7missile) for mcreate(missile*)
    model.o(i._Z5resetv) refers to model.o(.data) for asteroids
    model.o(i._Z7acreateP8asteroid) refers to utils.o(i._Z9randrangeii) for randrange(int, int)
    model.o(i._Z7aupdateP8asteroid) refers to model.o(i._Z9afreenodeP8asteroid) for afreenode(asteroid*)
    model.o(i._Z7mcreateP7missile) refers to asteroids.o(.bss) for player
    model.o(i._Z7mupdateP7missile) refers to model.o(i._Z9mfreenodeP7missile) for mfreenode(missile*)
    model.o(i._Z7physicsv) refers to model.o(i._Z9move_ship4shipf) for move_ship(ship, float)
    model.o(i._Z7physicsv) refers to rt_memcpy_w.o(.text) for __aeabi_memcpy4
    model.o(i._Z7physicsv) refers to model.o(i._Z15asteroid_systemv) for asteroid_system()
    model.o(i._Z7physicsv) refers to model.o(i._Z9ship_hitsP8asteroid) for ship_hits(asteroid*)
    model.o(i._Z7physicsv) refers to model.o(i._Z7mupdateP7missile) for mupdate(missile*)
    model.o(i._Z7physicsv) refers to model.o(i._Z7aupdateP8asteroid) for aupdate(asteroid*)
    model.o(i._Z7physicsv) refers to model.o(i._Z18missiles_hit_rocksP7missileP8asteroid) for missiles_hit_rocks(missile*, asteroid*)
[...]
    EaLcdBoard::execPinSet(char*, unsigned)  0x0000515d   Thumb Code   190  ealcdboard.o(i._ZN10EaLcdBoard10execPinSetEPcj)
    EaLcdBoard::getInitSeq(char*, int)       0x00005239   Thumb Code    82  ealcdboard.o(i._ZN10EaLcdBoard10getInitSeqEPci)
    EaLcdBoard::execSeqCtrl(char*, unsigned) 0x00005291   Thumb Code   132  ealcdboard.o(i._ZN10EaLcdBoard11execSeqCtrlEPcj)
    EaLcdBoard::set5VSignal(bool)            0x00005315   Thumb Code    32  ealcdboard.o(i._ZN10EaLcdBoard11set5VSignalEb)
    EaLcdBoard::setLsStates(unsigned short, unsigned char*, unsigned char) 0x00005335   Thumb Code    62  ealcdboard.o(i._ZN10EaLcdBoard11setLsStatesEtPhh)
    EaLcdBoard::checkVersion(char*, unsigned) 0x00005373   Thumb Code    34  ealcdboard.o(i._ZN10EaLcdBoard12checkVersionEPcj)
    EaLcdBoard::getLcdConfig(LcdController::Config*) 0x00005395   Thumb Code   214  ealcdboard.o(i._ZN10EaLcdBoard12getLcdConfigEPN13LcdController6ConfigE)
    EaLcdBoard::set3V3Signal(bool)           0x00005471   Thumb Code    32  ealcdboard.o(i._ZN10EaLcdBoard12set3V3SignalEb)
    EaLcdBoard::setFrameBuffer(unsigned)     0x00005491   Thumb Code    68  ealcdboard.o(i._ZN10EaLcdBoard14setFrameBufferEj)
    EaLcdBoard::parseInitString(char*, LcdController::Config*) 0x000054d5   Thumb Code   190  ealcdboard.o(i._ZN10EaLcdBoard15parseInitStringEPcPN13LcdController6ConfigE)
    EaLcdBoard::pca9532_setLeds(unsigned short, unsigned short) 0x00005593   Thumb Code    44  ealcdboard.o(i._ZN10EaLcdBoard15pca9532_setLedsEtt)
    EaLcdBoard::setBacklightContrast(unsigned) 0x000055bf   Thumb Code    46  ealcdboard.o(i._ZN10EaLcdBoard20setBacklightContrastEj)
    EaLcdBoard::pca9532_setBlink0Duty(unsigned char) 0x000055ed   Thumb Code    54  ealcdboard.o(i._ZN10EaLcdBoard21pca9532_setBlink0DutyEh)
    EaLcdBoard::pca9532_setBlink0Leds(unsigned short) 0x00005623   Thumb Code    24  ealcdboard.o(i._ZN10EaLcdBoard21pca9532_setBlink0LedsEt)
    EaLcdBoard::setDisplayEnableSignal(bool) 0x0000563b   Thumb Code    32  ealcdboard.o(i._ZN10EaLcdBoard22setDisplayEnableSignalEb)
    EaLcdBoard::pca9532_setBlink0Period(unsigned char) 0x0000565b   Thumb Code    34  ealcdboard.o(i._ZN10EaLcdBoard23pca9532_setBlink0PeriodEh)
    EaLcdBoard::open(LcdController::Config*, char*) 0x0000567d   Thumb Code    70  ealcdboard.o(i._ZN10EaLcdBoard4openEPN13LcdController6ConfigEPc)
    EaLcdBoard::setLeds()                    0x000056c9   Thumb Code   108  ealcdboard.o(i._ZN10EaLcdBoard7setLedsEv)
    EaLcdBoard::getStore(EaLcdBoard::store_t*) 0x00005735   Thumb Code    40  ealcdboard.o(i._ZN10EaLcdBoard8getStoreEPNS_7store_tE)
    EaLcdBoard::execDelay(char*, unsigned)   0x0000575d   Thumb Code    30  ealcdboard.o(i._ZN10EaLcdBoard9execDelayEPcj)
    EaLcdBoard::EaLcdBoard(PinName, PinName) 0x0000577d   Thumb Code    64  ealcdboard.o(i._ZN10EaLcdBoardC1E7PinNameS0_)
    EaLcdBoard::EaLcdBoard__sub_object(PinName, PinName) 0x0000577d   Thumb Code     0  ealcdboard.o(i._ZN10EaLcdBoardC1E7PinNameS0_)
    Adafruit_GFX::fillCircle(short, short, short, unsigned short) 0x000057c1   Thumb Code    64  adafruit_gfx.o(i._ZN12Adafruit_GFX10fillCircleEssst)
    Adafruit_GFX::fillTriangle(short, short, short, short, short, short, unsigned short) 0x00005801   Thumb Code   440  adafruit_gfx.o(i._ZN12Adafruit_GFX12fillTriangleEsssssst)
    Adafruit_GFX::setTextColor(unsigned short, unsigned short) 0x000059b9   Thumb Code     6  adafruit_gfx.o(i._ZN12Adafruit_GFX12setTextColorEtt)
    Adafruit_GFX::drawFastHLine(short, short, short, unsigned short) 0x000059bf   Thumb Code    44  adafruit_gfx.o(i._ZN12Adafruit_GFX13drawFastHLineEssst)
    Adafruit_GFX::drawFastVLine(short, short, short, unsigned short) 0x000059eb   Thumb Code    46  adafruit_gfx.o(i._ZN12Adafruit_GFX13drawFastVLineEssst)
    Adafruit_GFX::fillCircleHelper(short, short, short, unsigned char, short, unsigned short) 0x00005a19   Thumb Code   246  adafruit_gfx.o(i._ZN12Adafruit_GFX16fillCircleHelperEssshst)
    Adafruit_GFX::width()                    0x00005b0f   Thumb Code     8  adafruit_gfx.o(i._ZN12Adafruit_GFX5widthEv)
    Adafruit_GFX::write(unsigned char)       0x00005b17   Thumb Code   122  adafruit_gfx.o(i._ZN12Adafruit_GFX5writeEh)
    Adafruit_GFX::height()                   0x00005b91   Thumb Code     8  adafruit_gfx.o(i._ZN12Adafruit_GFX6heightEv)
    Adafruit_GFX::drawChar(short, short, unsigned char, unsigned short, unsigned short, unsigned char) 0x00005b99   Thumb Code   256  adafruit_gfx.o(i._ZN12Adafruit_GFX8drawCharEsshtth)
    Adafruit_GFX::drawLine(short, short, short, short, unsigned short) 0x00005c9d   Thumb Code   220  adafruit_gfx.o(i._ZN12Adafruit_GFX8drawLineEsssst)
    Adafruit_GFX::fillRect(short, short, short, short, unsigned short) 0x00005d79   Thumb Code    54  adafruit_gfx.o(i._ZN12Adafruit_GFX8fillRectEsssst)
    Adafruit_GFX::setCursor(short, short)    0x00005daf   Thumb Code     6  adafruit_gfx.o(i._ZN12Adafruit_GFX9setCursorEss)
    Adafruit_GFX::Adafruit_GFX__sub_object(short, short) 0x00005db5   Thumb Code    42  adafruit_gfx.o(i._ZN12Adafruit_GFXC2Ess)
    LcdController::setFrameBuffer(unsigned)  0x00005de5   Thumb Code    18  lcdcontroller.o(i._ZN13LcdController14setFrameBufferEj)
    LcdController::getClockDivisor(int)      0x00005dfd   Thumb Code    56  lcdcontroller.o(i._ZN13LcdController15getClockDivisorEi)
    LcdController::init(LcdController::Config*) 0x00005e39   Thumb Code   436  lcdcontroller.o(i._ZN13LcdController4initEPNS_6ConfigE)
    LcdController::open(LcdController::Config*) 0x00005ff9   Thumb Code    64  lcdcontroller.o(i._ZN13LcdController4openEPNS_6ConfigE)
    LcdController::Config::Config(int, int, int, int, int, int, int, int, bool, bool, bool, bool, int, LcdController::BitsPerPixel, int, LcdController::LcdPanel, bool) 0x00006041   Thumb Code    96  display.o(i._ZN13LcdController6ConfigC1EiiiiiiiibbbbiNS_12BitsPerPixelEiNS_8LcdPanelEb)
    LcdController::Config::Config__sub_object(int, int, int, int, int, int, int, int, bool, bool, bool, bool, int, LcdController::BitsPerPixel, int, LcdController::LcdPanel, bool) 0x00006041   Thumb Code     0  display.o(i._ZN13LcdController6ConfigC1EiiiiiiiibbbbiNS_12BitsPerPixelEiNS_8LcdPanelEb)
    LcdController::setPower(bool)            0x000060a1   Thumb Code    62  lcdcontroller.o(i._ZN13LcdController8setPowerEb)
    LcdController::pinConfig()               0x000060e5   Thumb Code   342  lcdcontroller.o(i._ZN13LcdController9pinConfigEv)
    LcdController::LcdController()           0x00006241   Thumb Code     6  lcdcontroller.o(i._ZN13LcdControllerC1Ev)
    LcdController::LcdController__sub_object() 0x00006241   Thumb Code     0  lcdcontroller.o(i._ZN13LcdControllerC1Ev)
    EaLcdBoardGPIO::set5VSignal(bool)        0x00006247   Thumb Code    32  ealcdboardgpio.o(i._ZN14EaLcdBoardGPIO11set5VSignalEb)
    EaLcdBoardGPIO::set3V3Signal(bool)       0x00006267   Thumb Code    32  ealcdboardgpio.o(i._ZN14EaLcdBoardGPIO12set3V3SignalEb)
    EaLcdBoardGPIO::setWriteProtect(bool)    0x00006287   Thumb Code     2  ealcdboardgpio.o(i._ZN14EaLcdBoardGPIO15setWriteProtectEb)
    EaLcdBoardGPIO::setBacklightContrast(unsigned) 0x00006289   Thumb Code    78  ealcdboardgpio.o(i._ZN14EaLcdBoardGPIO20setBacklightContrastEj)
    EaLcdBoardGPIO::setDisplayEnableSignal(bool) 0x000062e5   Thumb Code    46  ealcdboardgpio.o(i._ZN14EaLcdBoardGPIO22setDisplayEnableSignalEb)
    EaLcdBoardGPIO::EaLcdBoardGPIO(PinName, PinName) 0x0000631d   Thumb Code   150  ealcdboardgpio.o(i._ZN14EaLcdBoardGPIOC1E7PinNameS0_)
    EaLcdBoardGPIO::EaLcdBoardGPIO__sub_object(PinName, PinName) 0x0000631d   Thumb Code     0  ealcdboardgpio.o(i._ZN14EaLcdBoardGPIOC1E7PinNameS0_)
    mbed::DigitalOut::DigitalOut(PinName)    0x000063b9   Thumb Code    26  ealcdboardgpio.o(i._ZN4mbed10DigitalOutC1E7PinName)
    mbed::DigitalOut::DigitalOut__sub_object(PinName) 0x000063b9   Thumb Code     0  ealcdboardgpio.o(i._ZN4mbed10DigitalOutC1E7PinName)
    mbed::DigitalOut::operator =(int)        0x000063d5   Thumb Code    64  ealcdboardgpio.o(i._ZN4mbed10DigitalOutaSEi)
    mbed::FileHandle::flen()                 0x00006431   Thumb Code    58  filelike.o(i._ZN4mbed10FileHandle4flenEv)
    mbed::TimerEvent::irq(unsigned)          0x0000646b   Thumb Code    16  timerevent.o(i._ZN4mbed10TimerEvent3irqEj)
    mbed::TimerEvent::insert(unsigned)       0x0000647b   Thumb Code    20  timerevent.o(i._ZN4mbed10TimerEvent6insertEj)
    mbed::TimerEvent::remove()               0x0000648f   Thumb Code    14  timerevent.o(i._ZN4mbed10TimerEvent6removeEv)
    mbed::TimerEvent::TimerEvent__sub_object() 0x0000649d   Thumb Code    34  timerevent.o(i._ZN4mbed10TimerEventC2Ev)
    mbed::TimerEvent::~TimerEvent()          0x000064c9   Thumb Code     0  timerevent.o(i._ZN4mbed10TimerEventD2Ev)
    mbed::TimerEvent::~TimerEvent__sub_object() 0x000064c9   Thumb Code    18  timerevent.o(i._ZN4mbed10TimerEventD2Ev)
    mbed::mbed_set_unbuffered_stream(std::__FILE*) 0x000064e1   Thumb Code    14  retarget.o(i._ZN4mbed26mbed_set_unbuffered_streamEPSt6__FILE)
    mbed::I2C::read(int, char*, int, bool)   0x000064ef   Thumb Code    58  i2c.o(i._ZN4mbed3I2C4readEiPcib)
    mbed::I2C::write(int, const char*, int, bool) 0x00006529   Thumb Code    58  i2c.o(i._ZN4mbed3I2C5writeEiPKcib)
    mbed::I2C::aquire()                      0x00006565   Thumb Code    26  i2c.o(i._ZN4mbed3I2C6aquireEv)
    mbed::I2C::I2C(PinName, PinName)         0x00006585   Thumb Code    34  i2c.o(i._ZN4mbed3I2CC1E7PinNameS1_)
    mbed::I2C::I2C__sub_object(PinName, PinName) 0x00006585   Thumb Code     0  i2c.o(i._ZN4mbed3I2CC1E7PinNameS1_)
    mbed::Stream::flen()                     0x000065b1   Thumb Code     6  stream.o(i._ZN4mbed6Stream4flenEv)
    mbed::Stream::close()                    0x000065b7   Thumb Code     6  stream.o(i._ZN4mbed6Stream5closeEv)
    mbed::Stream::lseek(long, int)           0x000065bd   Thumb Code     6  stream.o(i._ZN4mbed6Stream5lseekEli)
    mbed::Stream::write(const void*, unsigned) 0x000065c3   Thumb Code    48  stream.o(i._ZN4mbed6Stream5writeEPKvj)
    mbed::Stream::isatty()                   0x000065f3   Thumb Code     6  stream.o(i._ZN4mbed6Stream6isattyEv)
    mbed::Stream::printf(const char*, ...)   0x000065f9   Thumb Code    40  stream.o(i._ZN4mbed6Stream6printfEPKcz)
    mbed::Stream::Stream__sub_object(const char*) 0x00006621   Thumb Code    58  stream.o(i._ZN4mbed6StreamC2EPKc)
    mbed::Ticker::setup(unsigned)            0x00006669   Thumb Code    34  ticker.o(i._ZN4mbed6Ticker5setupEj)
    mbed::Ticker::attach(void(*)(), float)   0x0000668d   Thumb Code    56  asteroids.o(i._ZN4mbed6Ticker6attachEPFvvEf)
    mbed::Ticker::detach()                   0x000066c9   Thumb Code    22  ticker.o(i._ZN4mbed6Ticker6detachEv)
    mbed::Ticker::handler()                  0x000066df   Thumb Code    56  ticker.o(i._ZN4mbed6Ticker7handlerEv)
    mbed::Ticker::Ticker()                   0x00006719   Thumb Code    40  asteroids.o(i._ZN4mbed6TickerC1Ev)
    mbed::Ticker::Ticker__sub_object()       0x00006719   Thumb Code     0  asteroids.o(i._ZN4mbed6TickerC1Ev)
    mbed::Ticker::~Ticker()                  0x00006745   Thumb Code    26  asteroids.o(i._ZN4mbed6TickerD1Ev)
    mbed::Ticker::~Ticker__sub_object()      0x00006745   Thumb Code     0  asteroids.o(i._ZN4mbed6TickerD1Ev)
    mbed::FileBase::getPathType()            0x00006765   Thumb Code     6  filebase.o(i._ZN4mbed8FileBase11getPathTypeEv)
    mbed::FileBase::lookup(const char*, unsigned) 0x0000676d   Thumb Code    52  filebase.o(i._ZN4mbed8FileBase6lookupEPKcj)
    mbed::FileBase::FileBase(const char*, mbed::PathType) 0x000067a5   Thumb Code    32  filebase.o(i._ZN4mbed8FileBaseC1EPKcNS_8PathTypeE)
    mbed::FileBase::FileBase__sub_object(const char*, mbed::PathType) 0x000067a5   Thumb Code     0  filebase.o(i._ZN4mbed8FileBaseC1EPKcNS_8PathTypeE)
    mbed::FileLike::FileLike__sub_object(const char*) 0x000067cd   Thumb Code    34  filelike.o(i._ZN4mbed8FileLikeC2EPKc)
    mbed::FilePath::fileSystem()             0x000067f9   Thumb Code    20  filepath.o(i._ZN4mbed8FilePath10fileSystemEv)
    mbed::FilePath::isFileSystem()           0x0000680d   Thumb Code    28  filepath.o(i._ZN4mbed8FilePath12isFileSystemEv)
    mbed::FilePath::file()                   0x00006829   Thumb Code    30  filepath.o(i._ZN4mbed8FilePath4fileEv)
    mbed::FilePath::exists()                 0x00006847   Thumb Code    14  filepath.o(i._ZN4mbed8FilePath6existsEv)
    mbed::FilePath::isFile()                 0x00006855   Thumb Code    28  filepath.o(i._ZN4mbed8FilePath6isFileEv)
    mbed::FilePath::fileName()               0x00006871   Thumb Code     6  filepath.o(i._ZN4mbed8FilePath8fileNameEv)
    mbed::FilePath::FilePath(const char*)    0x00006877   Thumb Code    86  filepath.o(i._ZN4mbed8FilePathC1EPKc)
    mbed::FilePath::FilePath__sub_object(const char*) 0x00006877   Thumb Code     0  filepath.o(i._ZN4mbed8FilePathC1EPKc)
    mbed::DigitalIn::DigitalIn(PinName)      0x000068cd   Thumb Code    26  controller.o(i._ZN4mbed9DigitalInC1E7PinName)
    mbed::DigitalIn::DigitalIn__sub_object(PinName) 0x000068cd   Thumb Code     0  controller.o(i._ZN4mbed9DigitalInC1E7PinName)
    GFXFb::fillScreen(unsigned short)        0x000068e7   Thumb Code    38  gfxfb.o(i._ZN5GFXFb10fillScreenEt)
    GFXFb::drawFastHLine(short, short, short, unsigned short) 0x0000690d   Thumb Code    98  gfxfb.o(i._ZN5GFXFb13drawFastHLineEssst)
    GFXFb::drawFastVLine(short, short, short, unsigned short) 0x0000696f   Thumb Code   104  gfxfb.o(i._ZN5GFXFb13drawFastVLineEssst)
    GFXFb::drawPixel(short, short, unsigned short) 0x000069d7   Thumb Code    70  gfxfb.o(i._ZN5GFXFb9drawPixelEsst)
    GFXFb::GFXFb(unsigned short, unsigned short, unsigned short*) 0x00006a1d   Thumb Code    36  gfxfb.o(i._ZN5GFXFbC1EttPt)
    GFXFb::GFXFb__sub_object(unsigned short, unsigned short, unsigned short*) 0x00006a1d   Thumb Code     0  gfxfb.o(i._ZN5GFXFbC1EttPt)
    Display::theDisplay()                    0x00006a45   Thumb Code    50  display.o(i._ZN7Display10theDisplayEv)
    Display::_putc(int)                      0x00006a81   Thumb Code    20  display.o(i._ZN7Display5_putcEi)
    Display::Display()                       0x00006a95   Thumb Code   272  display.o(i._ZN7DisplayC1Ev)
    Display::Display__sub_object()           0x00006a95   Thumb Code     0  display.o(i._ZN7DisplayC1Ev)
    operator new(unsigned)                   0x00006be5   Thumb Code    34  new.o(i._Znwj)
    __ARM_fpclassify                         0x00006c0d   Thumb Code    48  fpclassify.o(i.__ARM_fpclassify)
    __cxa_guard_acquire                      0x00006c3d   Thumb Code    16  cxa_guard_acquire.o(i.__cxa_guard_acquire)
    __cxa_pure_virtual                       0x00006c4d   Thumb Code     6  pure_virt.o(i.__cxa_pure_virtual)
    __reserved_stack_size                    0x00006c53   Thumb Code     6  sdram.o(i.__reserved_stack_size)
    __rt_heap_extend                         0x00006c59   Thumb Code    54  sdram.o(i.__rt_heap_extend)
    __user_setup_stackheap                   0x00006d41   Thumb Code    42  sys.o(i.__user_setup_stackheap)
    _is_digit                                0x00006dcb   Thumb Code    14  __printf_wp.o(i._is_digit)
    _sys_close                               0x00006dd9   Thumb Code    44  retarget.o(i._sys_close)
    _sys_flen                                0x00006e09   Thumb Code    38  retarget.o(i._sys_flen)
    _sys_istty                               0x00006e35   Thumb Code    38  retarget.o(i._sys_istty)
    _sys_open                                0x00006e61   Thumb Code   284  retarget.o(i._sys_open)
    _sys_seek                                0x00006f91   Thumb Code    44  retarget.o(i._sys_seek)
    _sys_write                               0x00006fc1   Thumb Code    88  retarget.o(i._sys_write)
    error                                    0x00007025   Thumb Code    28  error.o(i.error)
    exit                                     0x00007045   Thumb Code    24  retarget.o(i.exit)
    fpu_init                                 0x00007065   Thumb Code    62  system_lpc407x_8x_177x_8x.o(i.fpu_init)
    fputc                                    0x000070b5   Thumb Code    26  fputc.o(i.fputc)
    get_us_ticker_data                       0x000070d1   Thumb Code     4  us_ticker_api.o(i.get_us_ticker_data)
    gpio_dir                                 0x000070d9   Thumb Code    68  gpio_api.o(i.gpio_dir)
    gpio_init                                0x00007169   Thumb Code    50  gpio_api.o(i.gpio_init)
    gpio_init_in                             0x000071a1   Thumb Code    18  gpio.o(i.gpio_init_in)
    gpio_init_in_ex                          0x000071b3   Thumb Code    20  gpio.o(i.gpio_init_in_ex)
    gpio_init_out                            0x000071c7   Thumb Code    18  gpio.o(i.gpio_init_out)
    gpio_init_out_ex                         0x000071d9   Thumb Code    22  gpio.o(i.gpio_init_out_ex)
    gpio_mode                                0x000071ef   Thumb Code    18  gpio_api.o(i.gpio_mode)
    gpio_set                                 0x00007201   Thumb Code    40  gpio_api.o(i.gpio_set)
    i2c_frequency                            0x00007415   Thumb Code    22  i2c_api.o(i.i2c_frequency)
    i2c_init                                 0x00007431   Thumb Code   218  i2c_api.o(i.i2c_init)
    i2c_read                                 0x00007575   Thumb Code   176  i2c_api.o(i.i2c_read)
    i2c_start                                0x00007625   Thumb Code    72  i2c_api.o(i.i2c_start)
    i2c_stop                                 0x00007675   Thumb Code    58  i2c_api.o(i.i2c_stop)
    i2c_write                                0x000076dd   Thumb Code   130  i2c_api.o(i.i2c_write)
    $Super$$main                             0x00007761   Thumb Code    44  asteroids.o(i.main)
    mbed_assert_internal                     0x0000779d   Thumb Code    22  assert.o(i.mbed_assert_internal)
    mbed_die                                 0x000077e9   Thumb Code   116  board.o(i.mbed_die)
    mbed_main                                0x0000785d   Thumb Code     2  retarget.o(i.mbed_main)
    mbed_sdk_init                            0x0000785f   Thumb Code     2  retarget.o(i.mbed_sdk_init)
    pin_function                             0x00007861   Thumb Code    42  pinmap.o(i.pin_function)
    pin_mode                                 0x000078d5   Thumb Code    66  pinmap.o(i.pin_mode)
    pinmap_find_peripheral                   0x00007961   Thumb Code    32  pinmap_common.o(i.pinmap_find_peripheral)
    pinmap_merge                             0x00007981   Thumb Code    42  pinmap_common.o(i.pinmap_merge)
    pinmap_peripheral                        0x000079c1   Thumb Code    44  pinmap_common.o(i.pinmap_peripheral)
    pinmap_pinout                            0x00007a0d   Thumb Code    62  pinmap_common.o(i.pinmap_pinout)
    pwmout_init                              0x00007a61   Thumb Code   184  pwmout_api.o(i.pwmout_init)
    pwmout_period_ms                         0x00007b55   Thumb Code    22  pwmout_api.o(i.pwmout_period_ms)
    pwmout_period_us                         0x00007b6d   Thumb Code    64  pwmout_api.o(i.pwmout_period_us)
    pwmout_write                             0x00007bb1   Thumb Code   100  pwmout_api.o(i.pwmout_write)
    serial_baud                              0x00007c19   Thumb Code   320  serial_api.o(i.serial_baud)
    serial_format                            0x00007d5d   Thumb Code   168  serial_api.o(i.serial_format)
    serial_init                              0x00007e59   Thumb Code   378  serial_api.o(i.serial_init)
    serial_putc                              0x00008005   Thumb Code    24  serial_api.o(i.serial_putc)
    serial_writable                          0x0000801d   Thumb Code    12  serial_api.o(i.serial_writable)
    ticker_insert_event                      0x00008029   Thumb Code    80  ticker_api.o(i.ticker_insert_event)
    ticker_irq_handler                       0x00008079   Thumb Code    90  ticker_api.o(i.ticker_irq_handler)
    ticker_read                              0x000080d3   Thumb Code    12  ticker_api.o(i.ticker_read)
    ticker_remove_event                      0x000080df   Thumb Code    82  ticker_api.o(i.ticker_remove_event)
    ticker_set_handler                       0x00008131   Thumb Code    18  ticker_api.o(i.ticker_set_handler)
    us_ticker_clear_interrupt                0x00008145   Thumb Code     8  us_ticker.o(i.us_ticker_clear_interrupt)
    us_ticker_disable_interrupt              0x00008151   Thumb Code    14  us_ticker.o(i.us_ticker_disable_interrupt)
    us_ticker_init                           0x00008165   Thumb Code    92  us_ticker.o(i.us_ticker_init)
    us_ticker_irq_handler                    0x000081d9   Thumb Code    10  us_ticker_api.o(i.us_ticker_irq_handler)
    us_ticker_read                           0x000081e9   Thumb Code    18  us_ticker.o(i.us_ticker_read)
    us_ticker_set_interrupt                  0x00008205   Thumb Code    16  us_ticker.o(i.us_ticker_set_interrupt)
    wait                                     0x00008219   Thumb Code    36  wait_api.o(i.wait)
    wait_ms                                  0x00008241   Thumb Code    18  wait_api.o(i.wait_ms)
    wait_us                                  0x00008253   Thumb Code    24  wait_api.o(i.wait_us)
    _get_lc_numeric                          0x0000826d   Thumb Code    44  lc_numeric_c.o(locale$$code)
    _get_lc_ctype                            0x00008299   Thumb Code    44  lc_ctype_c.o(locale$$code)
    mbed::FunctionPointerArg1<void, void>::attach(void(*)()) 0x000082c5   Thumb Code     8  asteroids.o(t._ZN4mbed19FunctionPointerArg1IvvE6attachEPFvvE)
    _fp_init                                 0x000082cd   Thumb Code    10  fpinit.o(x$fpl$fpinit)
    __fplib_config_fpu_vfp                   0x000082d5   Thumb Code     0  fpinit.o(x$fpl$fpinit)
    __fplib_config_pureend_doubles           0x000082d5   Thumb Code     0  fpinit.o(x$fpl$fpinit)
    _printf_fp_dec                           0x000082d7   Thumb Code     4  printf1.o(x$fpl$printf1)
    _printf_fp_hex                           0x000082db   Thumb Code     4  printf2.o(x$fpl$printf2)
    __I$use$fp                               0x000082de   Number         0  usenofp.o(x$fpl$usenofp)
    __stdin_name                             0x000087f8   Data           7  retarget.o(.constdata)
    __stdout_name                            0x000087ff   Data           8  retarget.o(.constdata)
    __stderr_name                            0x00008807   Data           8  retarget.o(.constdata)
    vtable for EaLcdBoard                    0x00008cf4   Data          28  ealcdboard.o(.constdata__ZTV10EaLcdBoard)
    vtable for Adafruit_GFX                  0x00008d10   Data          44  adafruit_gfx.o(.constdata__ZTV12Adafruit_GFX)
    vtable for EaLcdBoardGPIO                0x00008d3c   Data          28  ealcdboardgpio.o(.constdata__ZTV14EaLcdBoardGPIO)
    vtable for GFXFb                         0x00008d58   Data          44  gfxfb.o(.constdata__ZTV5GFXFb)
    vtable for Display                       0x00008d84   Data         112  display.o(.constdata__ZTV7Display)
    vtable for mbed::FileHandle              0x00008df4   Data          44  retarget.o(.constdata__ZTVN4mbed10FileHandleE)
    vtable for mbed::TimerEvent              0x00008e20   Data          20  timerevent.o(.constdata__ZTVN4mbed10TimerEventE)
    vtable for mbed::Stream                  0x00008e34   Data          68  stream.o(.constdata__ZTVN4mbed6StreamE)
    vtable for mbed::Ticker                  0x00008e78   Data          20  ticker.o(.constdata__ZTVN4mbed6TickerE)
    vtable for mbed::FileBase                0x00008e8c   Data          16  filebase.o(.constdata__ZTVN4mbed8FileBaseE)
    vtable for mbed::FileLike                0x00008e9c   Data          60  filelike.o(.constdata__ZTVN4mbed8FileLikeE)
    Region$$Table$$Base                      0x0000902c   Number         0  anon$$obj.o(Region$$Table)
    Region$$Table$$Limit                     0x0000904c   Number         0  anon$$obj.o(Region$$Table)
    __ctype                                  0x00009075   Data           0  lc_ctype_c.o(locale$$data)
    SHT$$INIT_ARRAY$$Base                    0x00009178   Number         0  controller.o(.init_array)
    SHT$$INIT_ARRAY$$Limit                   0x00009184   Number         0  init_aeabi.o(.init_array)
    mfreenodes                               0x100000fc   Data           4  model.o(.data)
    afreenodes                               0x10000100   Data           4  model.o(.data)
    shots                                    0x10000104   Data           4  model.o(.data)
    ct                                       0x10000108   Data           4  model.o(.data)
    asteroids                                0x1000010c   Data           4  model.o(.data)
    hit                                      0x10000110   Data           4  model.o(.data)
    hct                                      0x10000114   Data           4  model.o(.data)
    graphics                                 0x10000118   Data           4  view.o(.data)
    elapsed_time                             0x1000011c   Data           4  asteroids.o(.data)
    score                                    0x10000120   Data           4  asteroids.o(.data)
    prevscore                                0x10000124   Data           4  asteroids.o(.data)
    lives                                    0x10000128   Data           4  asteroids.o(.data)
    tickCt                                   0x1000012c   Data           4  asteroids.o(.data)
    Dt                                       0x10000130   Data           4  asteroids.o(.data)
    paused                                   0x10000134   Data           1  asteroids.o(.data)
    SystemCoreClock                          0x10000138   Data           4  system_lpc407x_8x_177x_8x.o(.data)
    PeripheralClock                          0x1000013c   Data           4  system_lpc407x_8x_177x_8x.o(.data)
    EMCClock                                 0x10000140   Data           4  system_lpc407x_8x_177x_8x.o(.data)
    USBClock                                 0x10000144   Data           4  system_lpc407x_8x_177x_8x.o(.data)
    mbed::FileBase::_head                    0x10000168   Data           4  filebase.o(.data)
    mbed::I2C::_owner                        0x1000016c   Data           4  i2c.o(.data)
    us_ticker_inited                         0x10000170   Data           4  us_ticker.o(.data)
    stdio_uart_inited                        0x1000017c   Data           4  serial_api.o(.data)
    stdio_uart                               0x10000180   Data           8  serial_api.o(.data)
    LcdController::_lcdControllerUsed        0x10000188   Data           1  lcdcontroller.o(.data)
    __aeabi_stdin                            0x1000018c   Data           4  stdio_streams.o(.data)
    __aeabi_stdout                           0x10000190   Data           4  stdio_streams.o(.data)
    __aeabi_stderr                           0x10000194   Data           4  stdio_streams.o(.data)
    joystick                                 0x10000198   Data         120  controller.o(.bss)
    mdata                                    0x10000210   Data         280  model.o(.bss)
    adata                                    0x10000328   Data         600  model.o(.bss)
    player                                   0x10000580   Data          24  asteroids.o(.bss)
    model                                    0x10000598   Data          48  asteroids.o(.bss)
    view                                     0x100005c8   Data          48  asteroids.o(.bss)
    controller                               0x100005f8   Data          48  asteroids.o(.bss)
    timer                                    0x10000628   Data          48  asteroids.o(.bss)
    __stdin                                  0x10000a98   Data          84  stdio_streams.o(.bss)
    __stdout                                 0x10000aec   Data          84  stdio_streams.o(.bss)
    __stderr                                 0x10000b40   Data          84  stdio_streams.o(.bss)
    _random_number_data                      0x10000b94   Data         228  rand.o(.bss)
    Image$$RW_IRAM1$$ZI$$Limit               0x10000ca0   Number         0  anon$$obj.o ABSOLUTE



==============================================================================

Memory Map of the image

  Image Entry point : 0x000000e5

  Load Region LR_IROM1 (Base: 0x00000000, Size: 0x00009234, Max: 0x00080000, ABSOLUTE)

    Execution Region ER_IROM1 (Base: 0x00000000, Size: 0x00009184, Max: 0x00080000, ABSOLUTE)

    Base Addr    Size         Type   Attr      Idx    E Section Name        Object

    0x00000000   0x000000e4   Data   RO          873    RESET               startup_lpc407x_8x_177x_8x.o
    0x000000e4   0x00000008   Code   RO         4484  * !!!main             c_w.l(__main.o)
    0x000000ec   0x00000034   Code   RO         5218    !!!scatter          c_w.l(__scatter.o)
    0x00000120   0x0000001a   Code   RO         5220    !!handler_copy      c_w.l(__scatter_copy.o)
    0x0000013a   0x00000002   PAD
    0x0000013c   0x0000001c   Code   RO         5222    !!handler_zi        c_w.l(__scatter_zi.o)
    0x00000158   0x00000000   Code   RO         4414    .ARM.Collect$$_printf_percent$$00000000  c_w.l(_printf_percent.o)
    0x00000158   0x00000006   Code   RO         4683    .ARM.Collect$$_printf_percent$$00000001  c_w.l(_printf_n.o)
    0x0000015e   0x00000006   Code   RO         4413    .ARM.Collect$$_printf_percent$$00000002  c_w.l(_printf_p.o)
    0x00000164   0x00000006   Code   RO         4689    .ARM.Collect$$_printf_percent$$00000003  c_w.l(_printf_f.o)
    0x0000016a   0x00000006   Code   RO         4690    .ARM.Collect$$_printf_percent$$00000004  c_w.l(_printf_e.o)
    0x00000170   0x00000006   Code   RO         4691    .ARM.Collect$$_printf_percent$$00000005  c_w.l(_printf_g.o)
    0x00000176   0x00000006   Code   RO         4692    .ARM.Collect$$_printf_percent$$00000006  c_w.l(_printf_a.o)
    0x0000017c   0x0000000a   Code   RO         4697    .ARM.Collect$$_printf_percent$$00000007  c_w.l(_printf_ll.o)
    0x00000186   0x00000006   Code   RO         4686    .ARM.Collect$$_printf_percent$$00000008  c_w.l(_printf_i.o)
    0x0000018c   0x00000006   Code   RO         4687    .ARM.Collect$$_printf_percent$$00000009  c_w.l(_printf_d.o)
    0x00000192   0x00000006   Code   RO         4688    .ARM.Collect$$_printf_percent$$0000000A  c_w.l(_printf_u.o)
    0x00000198   0x00000006   Code   RO         4685    .ARM.Collect$$_printf_percent$$0000000B  c_w.l(_printf_o.o)
    0x0000019e   0x00000006   Code   RO         4684    .ARM.Collect$$_printf_percent$$0000000C  c_w.l(_printf_x.o)
    0x000001a4   0x00000006   Code   RO         4694    .ARM.Collect$$_printf_percent$$0000000D  c_w.l(_printf_lli.o)
    0x000001aa   0x00000006   Code   RO         4695    .ARM.Collect$$_printf_percent$$0000000E  c_w.l(_printf_lld.o)
    0x000001b0   0x00000006   Code   RO         4696    .ARM.Collect$$_printf_percent$$0000000F  c_w.l(_printf_llu.o)
    0x000001b6   0x00000006   Code   RO         4701    .ARM.Collect$$_printf_percent$$00000010  c_w.l(_printf_llo.o)
    0x000001bc   0x00000006   Code   RO         4702    .ARM.Collect$$_printf_percent$$00000011  c_w.l(_printf_llx.o)
    0x000001c2   0x0000000a   Code   RO         4698    .ARM.Collect$$_printf_percent$$00000012  c_w.l(_printf_l.o)
    0x000001cc   0x00000006   Code   RO         4681    .ARM.Collect$$_printf_percent$$00000013  c_w.l(_printf_c.o)
    0x000001d2   0x00000006   Code   RO         4682    .ARM.Collect$$_printf_percent$$00000014  c_w.l(_printf_s.o)
    0x000001d8   0x00000006   Code   RO         4699    .ARM.Collect$$_printf_percent$$00000015  c_w.l(_printf_lc.o)
    0x000001de   0x00000006   Code   RO         4700    .ARM.Collect$$_printf_percent$$00000016  c_w.l(_printf_ls.o)
    0x000001e4   0x00000004   Code   RO         4693    .ARM.Collect$$_printf_percent$$00000017  c_w.l(_printf_percent_end.o)
    0x000001e8   0x00000002   Code   RO         5067    .ARM.Collect$$libinit$$00000000  c_w.l(libinit.o)
    0x000001ea   0x00000004   Code   RO         4751    .ARM.Collect$$libinit$$00000001  c_w.l(libinit2.o)
    0x000001ee   0x00000000   Code   RO         4754    .ARM.Collect$$libinit$$00000004  c_w.l(libinit2.o)
    0x000001ee   0x00000008   Code   RO         4755    .ARM.Collect$$libinit$$00000005  c_w.l(libinit2.o)
    0x000001f6   0x00000000   Code   RO         4757    .ARM.Collect$$libinit$$0000000A  c_w.l(libinit2.o)
    0x000001f6   0x00000000   Code   RO         4759    .ARM.Collect$$libinit$$0000000C  c_w.l(libinit2.o)
    0x000001f6   0x00000004   Code   RO         4760    .ARM.Collect$$libinit$$0000000D  c_w.l(libinit2.o)
    0x000001fa   0x00000000   Code   RO         4761    .ARM.Collect$$libinit$$0000000E  c_w.l(libinit2.o)
    0x000001fa   0x00000006   Code   RO         4762    .ARM.Collect$$libinit$$0000000F  c_w.l(libinit2.o)
    0x00000200   0x00000000   Code   RO         4764    .ARM.Collect$$libinit$$00000011  c_w.l(libinit2.o)
    0x00000200   0x0000000c   Code   RO         4765    .ARM.Collect$$libinit$$00000012  c_w.l(libinit2.o)
    0x0000020c   0x00000000   Code   RO         4766    .ARM.Collect$$libinit$$00000013  c_w.l(libinit2.o)
    0x0000020c   0x00000000   Code   RO         4768    .ARM.Collect$$libinit$$00000015  c_w.l(libinit2.o)
    0x0000020c   0x0000000a   Code   RO         4769    .ARM.Collect$$libinit$$00000016  c_w.l(libinit2.o)
    0x00000216   0x00000000   Code   RO         4770    .ARM.Collect$$libinit$$00000017  c_w.l(libinit2.o)
    0x00000216   0x00000000   Code   RO         4772    .ARM.Collect$$libinit$$00000019  c_w.l(libinit2.o)
    0x00000216   0x00000000   Code   RO         4774    .ARM.Collect$$libinit$$0000001B  c_w.l(libinit2.o)
    0x00000216   0x00000000   Code   RO         4776    .ARM.Collect$$libinit$$0000001D  c_w.l(libinit2.o)
    0x00000216   0x00000000   Code   RO         4778    .ARM.Collect$$libinit$$0000001F  c_w.l(libinit2.o)
    0x00000216   0x00000000   Code   RO         4780    .ARM.Collect$$libinit$$00000021  c_w.l(libinit2.o)
    0x00000216   0x00000000   Code   RO         4782    .ARM.Collect$$libinit$$00000023  c_w.l(libinit2.o)
    0x00000216   0x00000004   Code   RO         4783    .ARM.Collect$$libinit$$00000024  c_w.l(libinit2.o)
    0x0000021a   0x00000000   Code   RO         4784    .ARM.Collect$$libinit$$00000025  c_w.l(libinit2.o)
    0x0000021a   0x00000000   Code   RO         4788    .ARM.Collect$$libinit$$0000002C  c_w.l(libinit2.o)
    0x0000021a   0x00000000   Code   RO         4790    .ARM.Collect$$libinit$$0000002E  c_w.l(libinit2.o)
    0x0000021a   0x00000000   Code   RO         4792    .ARM.Collect$$libinit$$00000030  c_w.l(libinit2.o)
    0x0000021a   0x00000004   Code   RO         4793    .ARM.Collect$$libinit$$00000031  c_w.l(libinit2.o)
    0x0000021e   0x00000000   Code   RO         4794    .ARM.Collect$$libinit$$00000032  c_w.l(libinit2.o)
    0x0000021e   0x00000002   Code   RO         4795    .ARM.Collect$$libinit$$00000033  c_w.l(libinit2.o)
    0x00000220   0x00000000   Code   RO         4949    .ARM.Collect$$libshutdown$$00000002  c_w.l(libshutdown2.o)
    0x00000220   0x00000000   Code   RO         4951    .ARM.Collect$$libshutdown$$00000004  c_w.l(libshutdown2.o)
    0x00000220   0x00000000   Code   RO         4616    .ARM.Collect$$rtentry$$00000000  c_w.l(__rtentry.o)
    0x00000220   0x00000000   Code   RO         4846    .ARM.Collect$$rtentry$$00000002  c_w.l(__rtentry2.o)
    0x00000220   0x00000006   Code   RO         4858    .ARM.Collect$$rtentry$$00000004  c_w.l(__rtentry4.o)
    0x00000226   0x00000000   Code   RO         4848    .ARM.Collect$$rtentry$$00000009  c_w.l(__rtentry2.o)
    0x00000226   0x00000004   Code   RO         4849    .ARM.Collect$$rtentry$$0000000A  c_w.l(__rtentry2.o)
    0x0000022a   0x00000000   Code   RO         4851    .ARM.Collect$$rtentry$$0000000C  c_w.l(__rtentry2.o)
    0x0000022a   0x00000008   Code   RO         4852    .ARM.Collect$$rtentry$$0000000D  c_w.l(__rtentry2.o)
    0x00000232   0x00000002   PAD
    0x00000234   0x00000034   Code   RO         4457    .emb_text           c_w.l(rand.o)
    0x00000268   0x00000000   Code   RO         4864    .emb_text           c_w.l(maybetermalloc1.o)
    0x00000268   0x00000024   Code   RO          875    .text               startup_lpc407x_8x_177x_8x.o
    0x0000028c   0x0000005e   Code   RO         4304    .text               c_w.l(h1_alloc.o)
    0x000002ea   0x0000000a   Code   RO         4362    .text               c_w.l(vfprintf.o)
    0x000002f4   0x00000008   Code   RO         4617    .text               c_w.l(rt_heap_descriptor.o)
    0x000002fc   0x00000004   Code   RO          874    .ARM.__at_0x02FC    startup_lpc407x_8x_177x_8x.o
    0x00000300   0x0000004e   Code   RO         4306    .text               c_w.l(h1_free.o)
    0x0000034e   0x0000000a   Code   RO         4364    .text               c_w.l(c89vfprintf.o)
    0x00000358   0x0000002c   Code   RO         4366    .text               c_w.l(__2sprintf.o)
    0x00000384   0x00000094   Code   RO         4390    .text               c_w.l(_printf_hex_int_ll_ptr.o)
    0x00000418   0x00000188   Code   RO         4410    .text               c_w.l(__printf_flags_ss_wp.o)
    0x000005a0   0x0000003c   Code   RO         4417    .text               c_w.l(__0sscanf.o)
    0x000005dc   0x0000014c   Code   RO         4419    .text               c_w.l(_scanf_int.o)
    0x00000728   0x00000064   Code   RO         4421    .text               c_w.l(fflush.o)
    0x0000078c   0x000000ec   Code   RO         4435    .text               c_w.l(fopen.o)
    0x00000878   0x00000014   Code   RO         4437    .text               c_w.l(setbuf.o)
    0x0000088c   0x0000004c   Code   RO         4445    .text               c_w.l(fclose.o)
    0x000008d8   0x0000003c   Code   RO         4458    .text               c_w.l(rand.o)
    0x00000914   0x0000002e   Code   RO         4465    .text               c_w.l(aeabi_atexit.o)
    0x00000942   0x0000003e   Code   RO         4468    .text               c_w.l(strlen.o)
    0x00000980   0x00000096   Code   RO         4470    .text               c_w.l(strncmp.o)
    0x00000a16   0x00000064   Code   RO         4474    .text               c_w.l(rt_memcpy_w.o)
    0x00000a7a   0x00000044   Code   RO         4476    .text               c_w.l(rt_memclr.o)
    0x00000abe   0x0000004e   Code   RO         4478    .text               c_w.l(rt_memclr_w.o)
    0x00000b0c   0x00000080   Code   RO         4482    .text               c_w.l(strcmpv7m.o)
    0x00000b8c   0x00000024   Code   RO         4489    .text               c_w.l(init_aeabi.o)
    0x00000bb0   0x00000008   Code   RO         4622    .text               c_w.l(rt_new_handler_addr.o)
    0x00000bb8   0x00000008   Code   RO         4627    .text               c_w.l(rt_ddtor_pointer_addr.o)
    0x00000bc0   0x00000004   Code   RO         4632    .text               c_w.l(hguard.o)
    0x00000bc4   0x0000008a   Code   RO         4634    .text               c_w.l(init_alloc.o)
    0x00000c4e   0x0000000e   Code   RO         4638    .text               c_w.l(h1_init.o)
    0x00000c5c   0x0000004e   Code   RO         4652    .text               c_w.l(_printf_pad.o)
    0x00000caa   0x00000024   Code   RO         4654    .text               c_w.l(_printf_truncate.o)
    0x00000cce   0x00000052   Code   RO         4656    .text               c_w.l(_printf_str.o)
    0x00000d20   0x000000b2   Code   RO         4658    .text               c_w.l(_printf_intcommon.o)
    0x00000dd2   0x00000002   PAD
    0x00000dd4   0x00000078   Code   RO         4660    .text               c_w.l(_printf_dec.o)
    0x00000e4c   0x00000028   Code   RO         4662    .text               c_w.l(_printf_charcount.o)
    0x00000e74   0x00000030   Code   RO         4664    .text               c_w.l(_printf_char_common.o)
    0x00000ea4   0x0000000a   Code   RO         4666    .text               c_w.l(_sputc.o)
    0x00000eae   0x00000002   PAD
    0x00000eb0   0x00000024   Code   RO         4668    .text               c_w.l(_printf_char_file.o)
    0x00000ed4   0x000000bc   Code   RO         4670    .text               c_w.l(_printf_wctomb.o)
    0x00000f90   0x0000007c   Code   RO         4673    .text               c_w.l(_printf_longlong_dec.o)
    0x0000100c   0x00000070   Code   RO         4679    .text               c_w.l(_printf_oct_int_ll.o)
    0x0000107c   0x0000001c   Code   RO         4703    .text               c_w.l(_chval.o)
    0x00001098   0x0000002c   Code   RO         4709    .text               c_w.l(scanf_char.o)
    0x000010c4   0x00000040   Code   RO         4711    .text               c_w.l(_sgetc.o)
    0x00001104   0x00000008   Code   RO         4721    .text               c_w.l(ferror.o)
    0x0000110c   0x000001d6   Code   RO         4725    .text               c_w.l(flsbuf.o)
    0x000012e2   0x00000002   PAD
    0x000012e4   0x000000f8   Code   RO         4727    .text               c_w.l(fseek.o)
    0x000013dc   0x00000046   Code   RO         4729    .text               c_w.l(setvbuf.o)
    0x00001422   0x00000002   PAD
    0x00001424   0x000000f0   Code   RO         4731    .text               c_w.l(stdio.o)
    0x00001514   0x00000138   Code   RO         4734    .text               c_w.l(initio.o)
    0x0000164c   0x00000042   Code   RO         4742    .text               c_w.l(cxa_finalize.o)
    0x0000168e   0x0000000e   Code   RO         4745    .text               c_w.l(defsig_pvfn_outer.o)
    0x0000169c   0x00000004   Code   RO         4803    .text               cpprt_w.l(arm_newhandler_noexceptions.o)
    0x000016a0   0x00000034   Code   RO         4866    .text               c_w.l(h1_extend.o)
    0x000016d4   0x0000008a   Code   RO         4870    .text               c_w.l(lludiv10.o)
    0x0000175e   0x00000012   Code   RO         4872    .text               c_w.l(isspace.o)
    0x00001770   0x0000041a   Code   RO         4874    .text               c_w.l(_printf_fp_dec.o)
    0x00001b8a   0x00000002   PAD
    0x00001b8c   0x000002fc   Code   RO         4876    .text               c_w.l(_printf_fp_hex.o)
    0x00001e88   0x0000002c   Code   RO         4881    .text               c_w.l(_printf_char.o)
    0x00001eb4   0x0000002c   Code   RO         4885    .text               c_w.l(_printf_wchar.o)
    0x00001ee0   0x00000374   Code   RO         4887    .text               c_w.l(_scanf.o)
    0x00002254   0x00000042   Code   RO         4897    .text               c_w.l(ftell.o)
    0x00002296   0x00000040   Code   RO         4923    .text               c_w.l(_wcrtomb.o)
    0x000022d6   0x0000000a   Code   RO         4925    .text               c_w.l(defsig_exit.o)
    0x000022e0   0x0000000e   Code   RO         4927    .text               c_w.l(defsig_rtred_outer.o)
    0x000022ee   0x0000000e   Code   RO         4931    .text               c_w.l(defsig_rtmem_outer.o)
    0x000022fc   0x00000030   Code   RO         4935    .text               c_w.l(defsig_pvfn_inner.o)
    0x0000232c   0x00000008   Code   RO         4944    .text               c_w.l(heapauxmm.o)
    0x00002334   0x0000001a   Code   RO         4984    .text               cpprt_w.l(arm_exceptions_terminate.o)
    0x0000234e   0x00000002   PAD
    0x00002350   0x00000050   Code   RO         4987    .text               cpprt_w.l(arm_exceptions_globs.o)
    0x000023a0   0x0000000c   Code   RO         4995    .text               c_w.l(sys_exit.o)
    0x000023ac   0x00000010   Code   RO         4997    .text               c_w.l(rt_ctype_table.o)
    0x000023bc   0x00000008   Code   RO         4999    .text               c_w.l(rt_locale.o)
    0x000023c4   0x00000008   Code   RO         5004    .text               c_w.l(rt_eh_globals_addr.o)
    0x000023cc   0x00000008   Code   RO         5009    .text               c_w.l(rt_errno_addr.o)
    0x000023d4   0x00000080   Code   RO         5016    .text               c_w.l(_printf_fp_infnan.o)
    0x00002454   0x000000dc   Code   RO         5018    .text               c_w.l(bigflt0.o)
    0x00002530   0x00000016   Code   RO         5048    .text               c_w.l(abort.o)
    0x00002546   0x00000032   Code   RO         5052    .text               c_w.l(defsig_general.o)
    0x00002578   0x00000034   Code   RO         5054    .text               c_w.l(defsig_rtred_inner.o)
    0x000025ac   0x00000050   Code   RO         5056    .text               c_w.l(defsig_rtmem_inner.o)
    0x000025fc   0x0000003c   Code   RO         5071    .text               cpprt_w.l(arm_exceptions_mem.o)
    0x00002638   0x0000000e   Code   RO         5103    .text               c_w.l(sys_wrch.o)
    0x00002646   0x00000002   Code   RO         5105    .text               c_w.l(use_no_semi.o)
    0x00002648   0x00000000   Code   RO         5107    .text               c_w.l(indicate_semi.o)
    0x00002648   0x0000000e   Code   RO         5123    .text               c_w.l(defsig_abrt_outer.o)
    0x00002656   0x00000002   PAD
    0x00002658   0x00000030   Code   RO         5143    .text               c_w.l(defsig_abrt_inner.o)
    0x00002688   0x0000003e   Code   RO         5021    CL$$btod_d2e        c_w.l(btod.o)
    0x000026c6   0x00000046   Code   RO         5023    CL$$btod_d2e_denorm_low  c_w.l(btod.o)
    0x0000270c   0x00000060   Code   RO         5022    CL$$btod_d2e_norm_op1  c_w.l(btod.o)
    0x0000276c   0x00000338   Code   RO         5031    CL$$btod_div_common  c_w.l(btod.o)
    0x00002aa4   0x000000c6   Code   RO         5028    CL$$btod_e2e        c_w.l(btod.o)
    0x00002b6a   0x00000028   Code   RO         5025    CL$$btod_ediv       c_w.l(btod.o)
    0x00002b92   0x00000028   Code   RO         5024    CL$$btod_emul       c_w.l(btod.o)
    0x00002bba   0x00000244   Code   RO         5030    CL$$btod_mult_common  c_w.l(btod.o)
    0x00002dfe   0x00000010   Code   RO         2397    i.$Sub$$main        mbed.lib(retarget.o)
    0x00002e0e   0x00000002   PAD
    0x00002e10   0x00000040   Code   RO          884    i.NVIC_SetVector    cmsis_nvic.o
    0x00002e50   0x000002d4   Code   RO          939    i.SystemCoreClockUpdate  system_lpc407x_8x_177x_8x.o
    0x00003124   0x000000ec   Code   RO          940    i.SystemInit        system_lpc407x_8x_177x_8x.o
    0x00003210   0x00000020   Code   RO          365    i._Z10aallocnodev   model.o
    0x00003230   0x0000001c   Code   RO          366    i._Z10mallocnodev   model.o
    0x0000324c   0x000000fc   Code   RO         3197    i._Z10sdram_initv   ebb.lib(sdram.o)
    0x00003348   0x0000005c   Code   RO         3198    i._Z10sdram_testv   ebb.lib(sdram.o)
    0x000033a4   0x00000040   Code   RO          367    i._Z11ainitialisev  model.o
    0x000033e4   0x00000048   Code   RO         3199    i._Z11calibrationv  ebb.lib(sdram.o)
    0x0000342c   0x00000084   Code   RO         3200    i._Z11find_cmddlyv  ebb.lib(sdram.o)
    0x000034b0   0x00000020   Code   RO         2398    i._Z11init_serialv  mbed.lib(retarget.o)
    0x000034d0   0x00000040   Code   RO          368    i._Z11minitialisev  model.o
    0x00003510   0x00000028   Code   RO         2895    i._Z11str_to_uintPcj  ebb.lib(ealcdboard.o)
    0x00003538   0x000001e8   Code   RO          505    i._Z12draw_sidebariii  view.o
    0x00003720   0x00000040   Code   RO          506    i._Z12drawmissilesP7missile  view.o
    0x00003760   0x00000020   Code   RO          507    i._Z12init_DBufferv  view.o
    0x00003780   0x0000007c   Code   RO           60    i._Z12jsPrsdAndHld7btnId_t  controller.o
    0x000037fc   0x0000002c   Code   RO          508    i._Z12swap_DBufferv  view.o
    0x00003828   0x0000003c   Code   RO          768    i._Z12timerHandlerv  asteroids.o
    0x00003864   0x00000058   Code   RO         3201    i._Z13adjust_timingv  ebb.lib(sdram.o)
    0x000038bc   0x00000040   Code   RO          509    i._Z13drawasteroidsP8asteroid  view.o
    0x000038fc   0x00000084   Code   RO         3202    i._Z13find_fbclkdlyv  ebb.lib(sdram.o)
    0x00003980   0x00000028   Code   RO          369    i._Z14missile_systemv  model.o
    0x000039a8   0x00000040   Code   RO          370    i._Z15asteroid_systemv  model.o
    0x000039e8   0x000000dc   Code   RO          769    i._Z15initialise_gamev  asteroids.o
    0x00003ac4   0x00000092   Code   RO          371    i._Z18missiles_hit_rocksP7missileP8asteroid  model.o
    0x00003b56   0x00000002   PAD
    0x00003b58   0x00000074   Code   RO          510    i._Z4drawv          view.o
    0x00003bcc   0x00000008   Code   RO           61    i._Z4firev          controller.o
    0x00003bd4   0x00000014   Code   RO          372    i._Z5resetv         model.o
    0x00003be8   0x000000f0   Code   RO          373    i._Z7acreateP8asteroid  model.o
    0x00003cd8   0x0000013c   Code   RO          374    i._Z7aupdateP8asteroid  model.o
    0x00003e14   0x00000134   Code   RO          375    i._Z7mcreateP7missile  model.o
    0x00003f48   0x00000068   Code   RO          376    i._Z7mupdateP7missile  model.o
    0x00003fb0   0x000000c0   Code   RO          377    i._Z7physicsv       model.o
    0x00004070   0x00000154   Code   RO           62    i._Z8controlsv      controller.o
    0x000041c4   0x00000010   Code   RO          378    i._Z9afreenodeP8asteroid  model.o
    0x000041d4   0x00000a3c   Code   RO          511    i._Z9draw_ship4ship  view.o
    0x00004c10   0x00000010   Code   RO          379    i._Z9mfreenodeP7missile  model.o
    0x00004c20   0x000000c4   Code   RO          380    i._Z9move_ship4shipf  model.o
    0x00004ce4   0x00000354   Code   RO         3204    i._Z9pinConfigv     ebb.lib(sdram.o)
    0x00005038   0x0000000a   Code   RO         2896    i._Z9port_pin28PortNamei  ebb.lib(ealcdboard.o)
    0x00005042   0x00000018   Code   RO            5    i._Z9randrangeii    utils.o
    0x0000505a   0x00000002   PAD
    0x0000505c   0x00000080   Code   RO          381    i._Z9ship_hitsP8asteroid  model.o
    0x000050dc   0x0000007e   Code   RO         2897    i._ZN10EaLcdBoard10eepromReadEPhtt  ebb.lib(ealcdboard.o)
    0x0000515a   0x00000002   PAD
    0x0000515c   0x000000dc   Code   RO         2898    i._ZN10EaLcdBoard10execPinSetEPcj  ebb.lib(ealcdboard.o)
    0x00005238   0x00000058   Code   RO         2899    i._ZN10EaLcdBoard10getInitSeqEPci  ebb.lib(ealcdboard.o)
    0x00005290   0x00000084   Code   RO         2901    i._ZN10EaLcdBoard11execSeqCtrlEPcj  ebb.lib(ealcdboard.o)
    0x00005314   0x00000020   Code   RO         2902    i._ZN10EaLcdBoard11set5VSignalEb  ebb.lib(ealcdboard.o)
    0x00005334   0x0000003e   Code   RO         2903    i._ZN10EaLcdBoard11setLsStatesEtPhh  ebb.lib(ealcdboard.o)
    0x00005372   0x00000022   Code   RO         2904    i._ZN10EaLcdBoard12checkVersionEPcj  ebb.lib(ealcdboard.o)
    0x00005394   0x000000dc   Code   RO         2905    i._ZN10EaLcdBoard12getLcdConfigEPN13LcdController6ConfigE  ebb.lib(ealcdboard.o)
    0x00005470   0x00000020   Code   RO         2906    i._ZN10EaLcdBoard12set3V3SignalEb  ebb.lib(ealcdboard.o)
    0x00005490   0x00000044   Code   RO         2909    i._ZN10EaLcdBoard14setFrameBufferEj  ebb.lib(ealcdboard.o)
    0x000054d4   0x000000be   Code   RO         2911    i._ZN10EaLcdBoard15parseInitStringEPcPN13LcdController6ConfigE  ebb.lib(ealcdboard.o)
    0x00005592   0x0000002c   Code   RO         2912    i._ZN10EaLcdBoard15pca9532_setLedsEtt  ebb.lib(ealcdboard.o)
    0x000055be   0x0000002e   Code   RO         2916    i._ZN10EaLcdBoard20setBacklightContrastEj  ebb.lib(ealcdboard.o)
    0x000055ec   0x00000036   Code   RO         2917    i._ZN10EaLcdBoard21pca9532_setBlink0DutyEh  ebb.lib(ealcdboard.o)
    0x00005622   0x00000018   Code   RO         2918    i._ZN10EaLcdBoard21pca9532_setBlink0LedsEt  ebb.lib(ealcdboard.o)
    0x0000563a   0x00000020   Code   RO         2919    i._ZN10EaLcdBoard22setDisplayEnableSignalEb  ebb.lib(ealcdboard.o)
    0x0000565a   0x00000022   Code   RO         2920    i._ZN10EaLcdBoard23pca9532_setBlink0PeriodEh  ebb.lib(ealcdboard.o)
    0x0000567c   0x0000004c   Code   RO         2921    i._ZN10EaLcdBoard4openEPN13LcdController6ConfigEPc  ebb.lib(ealcdboard.o)
    0x000056c8   0x0000006c   Code   RO         2923    i._ZN10EaLcdBoard7setLedsEv  ebb.lib(ealcdboard.o)
    0x00005734   0x00000028   Code   RO         2924    i._ZN10EaLcdBoard8getStoreEPNS_7store_tE  ebb.lib(ealcdboard.o)
    0x0000575c   0x0000001e   Code   RO         2925    i._ZN10EaLcdBoard9execDelayEPcj  ebb.lib(ealcdboard.o)
    0x0000577a   0x00000002   PAD
    0x0000577c   0x00000044   Code   RO         2926    i._ZN10EaLcdBoardC1E7PinNameS0_  ebb.lib(ealcdboard.o)
    0x000057c0   0x00000040   Code   RO         1465    i._ZN12Adafruit_GFX10fillCircleEssst  ebb.lib(adafruit_gfx.o)
    0x00005800   0x000001b8   Code   RO         1472    i._ZN12Adafruit_GFX12fillTriangleEsssssst  ebb.lib(adafruit_gfx.o)
    0x000059b8   0x00000006   Code   RO         1474    i._ZN12Adafruit_GFX12setTextColorEtt  ebb.lib(adafruit_gfx.o)
    0x000059be   0x0000002c   Code   RO         1475    i._ZN12Adafruit_GFX13drawFastHLineEssst  ebb.lib(adafruit_gfx.o)
    0x000059ea   0x0000002e   Code   RO         1476    i._ZN12Adafruit_GFX13drawFastVLineEssst  ebb.lib(adafruit_gfx.o)
    0x00005a18   0x000000f6   Code   RO         1481    i._ZN12Adafruit_GFX16fillCircleHelperEssshst  ebb.lib(adafruit_gfx.o)
    0x00005b0e   0x00000008   Code   RO         1482    i._ZN12Adafruit_GFX5widthEv  ebb.lib(adafruit_gfx.o)
    0x00005b16   0x0000007a   Code   RO         1483    i._ZN12Adafruit_GFX5writeEh  ebb.lib(adafruit_gfx.o)
    0x00005b90   0x00000008   Code   RO         1484    i._ZN12Adafruit_GFX6heightEv  ebb.lib(adafruit_gfx.o)
    0x00005b98   0x00000104   Code   RO         1485    i._ZN12Adafruit_GFX8drawCharEsshtth  ebb.lib(adafruit_gfx.o)
    0x00005c9c   0x000000dc   Code   RO         1486    i._ZN12Adafruit_GFX8drawLineEsssst  ebb.lib(adafruit_gfx.o)
    0x00005d78   0x00000036   Code   RO         1488    i._ZN12Adafruit_GFX8fillRectEsssst  ebb.lib(adafruit_gfx.o)
    0x00005dae   0x00000006   Code   RO         1489    i._ZN12Adafruit_GFX9setCursorEss  ebb.lib(adafruit_gfx.o)
    0x00005db4   0x00000030   Code   RO         1490    i._ZN12Adafruit_GFXC2Ess  ebb.lib(adafruit_gfx.o)
    0x00005de4   0x00000018   Code   RO         4042    i._ZN13LcdController14setFrameBufferEj  ebb.lib(lcdcontroller.o)
    0x00005dfc   0x0000003c   Code   RO         4043    i._ZN13LcdController15getClockDivisorEi  ebb.lib(lcdcontroller.o)
    0x00005e38   0x000001c0   Code   RO         4044    i._ZN13LcdController4initEPNS_6ConfigE  ebb.lib(lcdcontroller.o)
    0x00005ff8   0x00000048   Code   RO         4045    i._ZN13LcdController4openEPNS_6ConfigE  ebb.lib(lcdcontroller.o)
    0x00006040   0x00000060   Code   RO         1969    i._ZN13LcdController6ConfigC1EiiiiiiiibbbbiNS_12BitsPerPixelEiNS_8LcdPanelEb  ebb.lib(display.o)
    0x000060a0   0x00000044   Code   RO         4047    i._ZN13LcdController8setPowerEb  ebb.lib(lcdcontroller.o)
    0x000060e4   0x0000015c   Code   RO         4048    i._ZN13LcdController9pinConfigEv  ebb.lib(lcdcontroller.o)
    0x00006240   0x00000006   Code   RO         4049    i._ZN13LcdControllerC1Ev  ebb.lib(lcdcontroller.o)
    0x00006246   0x00000020   Code   RO         2675    i._ZN14EaLcdBoardGPIO11set5VSignalEb  ebb.lib(ealcdboardgpio.o)
    0x00006266   0x00000020   Code   RO         2676    i._ZN14EaLcdBoardGPIO12set3V3SignalEb  ebb.lib(ealcdboardgpio.o)
    0x00006286   0x00000002   Code   RO         2677    i._ZN14EaLcdBoardGPIO15setWriteProtectEb  ebb.lib(ealcdboardgpio.o)
    0x00006288   0x0000005c   Code   RO         2678    i._ZN14EaLcdBoardGPIO20setBacklightContrastEj  ebb.lib(ealcdboardgpio.o)
    0x000062e4   0x00000038   Code   RO         2679    i._ZN14EaLcdBoardGPIO22setDisplayEnableSignalEb  ebb.lib(ealcdboardgpio.o)
    0x0000631c   0x0000009c   Code   RO         2680    i._ZN14EaLcdBoardGPIOC1E7PinNameS0_  ebb.lib(ealcdboardgpio.o)
    0x000063b8   0x0000001a   Code   RO         2729    i._ZN4mbed10DigitalOutC1E7PinName  ebb.lib(ealcdboardgpio.o)
    0x000063d2   0x00000002   PAD
    0x000063d4   0x0000005c   Code   RO         2723    i._ZN4mbed10DigitalOutaSEi  ebb.lib(ealcdboardgpio.o)
    0x00006430   0x0000003a   Code   RO         2323    i._ZN4mbed10FileHandle4flenEv  mbed.lib(filelike.o)
    0x0000646a   0x00000010   Code   RO         1405    i._ZN4mbed10TimerEvent3irqEj  mbed.lib(timerevent.o)
    0x0000647a   0x00000014   Code   RO         1406    i._ZN4mbed10TimerEvent6insertEj  mbed.lib(timerevent.o)
    0x0000648e   0x0000000e   Code   RO         1407    i._ZN4mbed10TimerEvent6removeEv  mbed.lib(timerevent.o)
    0x0000649c   0x0000002c   Code   RO         1409    i._ZN4mbed10TimerEventC2Ev  mbed.lib(timerevent.o)
    0x000064c8   0x00000018   Code   RO         1411    i._ZN4mbed10TimerEventD2Ev  mbed.lib(timerevent.o)
    0x000064e0   0x0000000e   Code   RO         2401    i._ZN4mbed26mbed_set_unbuffered_streamEPSt6__FILE  mbed.lib(retarget.o)
    0x000064ee   0x0000003a   Code   RO         3613    i._ZN4mbed3I2C4readEiPcib  mbed.lib(i2c.o)
    0x00006528   0x0000003a   Code   RO         3617    i._ZN4mbed3I2C5writeEiPKcib  mbed.lib(i2c.o)
    0x00006562   0x00000002   PAD
    0x00006564   0x00000020   Code   RO         3618    i._ZN4mbed3I2C6aquireEv  mbed.lib(i2c.o)
    0x00006584   0x0000002c   Code   RO         3620    i._ZN4mbed3I2CC1E7PinNameS1_  mbed.lib(i2c.o)
    0x000065b0   0x00000006   Code   RO         1140    i._ZN4mbed6Stream4flenEv  mbed.lib(stream.o)
    0x000065b6   0x00000006   Code   RO         1146    i._ZN4mbed6Stream5closeEv  mbed.lib(stream.o)
    0x000065bc   0x00000006   Code   RO         1148    i._ZN4mbed6Stream5lseekEli  mbed.lib(stream.o)
    0x000065c2   0x00000030   Code   RO         1150    i._ZN4mbed6Stream5writeEPKvj  mbed.lib(stream.o)
    0x000065f2   0x00000006   Code   RO         1151    i._ZN4mbed6Stream6isattyEv  mbed.lib(stream.o)
    0x000065f8   0x00000028   Code   RO         1152    i._ZN4mbed6Stream6printfEPKcz  mbed.lib(stream.o)
    0x00006620   0x00000048   Code   RO         1153    i._ZN4mbed6StreamC2EPKc  mbed.lib(stream.o)
    0x00006668   0x00000022   Code   RO         1339    i._ZN4mbed6Ticker5setupEj  mbed.lib(ticker.o)
    0x0000668a   0x00000002   PAD
    0x0000668c   0x0000003c   Code   RO          806    i._ZN4mbed6Ticker6attachEPFvvEf  asteroids.o
    0x000066c8   0x00000016   Code   RO         1340    i._ZN4mbed6Ticker6detachEv  mbed.lib(ticker.o)
    0x000066de   0x00000038   Code   RO         1341    i._ZN4mbed6Ticker7handlerEv  mbed.lib(ticker.o)
    0x00006716   0x00000002   PAD
    0x00006718   0x0000002c   Code   RO          812    i._ZN4mbed6TickerC1Ev  asteroids.o
    0x00006744   0x00000020   Code   RO          824    i._ZN4mbed6TickerD1Ev  asteroids.o
    0x00006764   0x00000006   Code   RO         3343    i._ZN4mbed8FileBase11getPathTypeEv  mbed.lib(filebase.o)
    0x0000676a   0x00000002   PAD
    0x0000676c   0x00000038   Code   RO         3345    i._ZN4mbed8FileBase6lookupEPKcj  mbed.lib(filebase.o)
    0x000067a4   0x00000028   Code   RO         3347    i._ZN4mbed8FileBaseC1EPKcNS_8PathTypeE  mbed.lib(filebase.o)
    0x000067cc   0x0000002c   Code   RO         2291    i._ZN4mbed8FileLikeC2EPKc  mbed.lib(filelike.o)
    0x000067f8   0x00000014   Code   RO         3408    i._ZN4mbed8FilePath10fileSystemEv  mbed.lib(filepath.o)
    0x0000680c   0x0000001c   Code   RO         3409    i._ZN4mbed8FilePath12isFileSystemEv  mbed.lib(filepath.o)
    0x00006828   0x0000001e   Code   RO         3410    i._ZN4mbed8FilePath4fileEv  mbed.lib(filepath.o)
    0x00006846   0x0000000e   Code   RO         3411    i._ZN4mbed8FilePath6existsEv  mbed.lib(filepath.o)
    0x00006854   0x0000001c   Code   RO         3412    i._ZN4mbed8FilePath6isFileEv  mbed.lib(filepath.o)
    0x00006870   0x00000006   Code   RO         3413    i._ZN4mbed8FilePath8fileNameEv  mbed.lib(filepath.o)
    0x00006876   0x00000056   Code   RO         3414    i._ZN4mbed8FilePathC1EPKc  mbed.lib(filepath.o)
    0x000068cc   0x0000001a   Code   RO           99    i._ZN4mbed9DigitalInC1E7PinName  controller.o
    0x000068e6   0x00000026   Code   RO         3127    i._ZN5GFXFb10fillScreenEt  ebb.lib(gfxfb.o)
    0x0000690c   0x00000062   Code   RO         3129    i._ZN5GFXFb13drawFastHLineEssst  ebb.lib(gfxfb.o)
    0x0000696e   0x00000068   Code   RO         3130    i._ZN5GFXFb13drawFastVLineEssst  ebb.lib(gfxfb.o)
    0x000069d6   0x00000046   Code   RO         3133    i._ZN5GFXFb9drawPixelEsst  ebb.lib(gfxfb.o)
    0x00006a1c   0x00000028   Code   RO         3134    i._ZN5GFXFbC1EttPt  ebb.lib(gfxfb.o)
    0x00006a44   0x0000003c   Code   RO         1912    i._ZN7Display10theDisplayEv  ebb.lib(display.o)
    0x00006a80   0x00000014   Code   RO         1914    i._ZN7Display5_putcEi  ebb.lib(display.o)
    0x00006a94   0x00000150   Code   RO         1916    i._ZN7DisplayC1Ev   ebb.lib(display.o)
    0x00006be4   0x00000028   Code   RO         4495    i._Znwj             cpprt_w.l(new.o)
    0x00006c0c   0x00000030   Code   RO         5093    i.__ARM_fpclassify  m_wm.l(fpclassify.o)
    0x00006c3c   0x00000010   Code   RO         4502    i.__cxa_guard_acquire  cpprt_w.l(cxa_guard_acquire.o)
    0x00006c4c   0x00000006   Code   RO         4499    i.__cxa_pure_virtual  cpprt_w.l(pure_virt.o)
    0x00006c52   0x00000006   Code   RO         3205    i.__reserved_stack_size  ebb.lib(sdram.o)
    0x00006c58   0x00000044   Code   RO         3206    i.__rt_heap_extend  ebb.lib(sdram.o)
    0x00006c9c   0x0000005c   Code   RO          770    i.__sti___13_asteroids_cpp_Dt  asteroids.o
    0x00006cf8   0x00000038   Code   RO           63    i.__sti___14_controller_cpp_joystick  controller.o
    0x00006d30   0x00000010   Code   RO          512    i.__sti___8_view_cpp_graphics  view.o
    0x00006d40   0x00000030   Code   RO          975    i.__user_setup_stackheap  sys.o
    0x00006d70   0x00000026   Code   RO         1034    i._gpio_init_in     mbed.lib(gpio.o)
    0x00006d96   0x00000034   Code   RO         1035    i._gpio_init_out    mbed.lib(gpio.o)
    0x00006dca   0x0000000e   Code   RO         4403    i._is_digit         c_w.l(__printf_wp.o)
    0x00006dd8   0x00000030   Code   RO         2404    i._sys_close        mbed.lib(retarget.o)
    0x00006e08   0x0000002c   Code   RO         2407    i._sys_flen         mbed.lib(retarget.o)
    0x00006e34   0x0000002c   Code   RO         2408    i._sys_istty        mbed.lib(retarget.o)
    0x00006e60   0x00000130   Code   RO         2409    i._sys_open         mbed.lib(retarget.o)
    0x00006f90   0x00000030   Code   RO         2411    i._sys_seek         mbed.lib(retarget.o)
    0x00006fc0   0x00000064   Code   RO         2412    i._sys_write        mbed.lib(retarget.o)
    0x00007024   0x00000020   Code   RO         2163    i.error             mbed.lib(error.o)
    0x00007044   0x00000020   Code   RO         2414    i.exit              mbed.lib(retarget.o)
    0x00007064   0x00000050   Code   RO          941    i.fpu_init          system_lpc407x_8x_177x_8x.o
    0x000070b4   0x0000001a   Code   RO         4430    i.fputc             c_w.l(fputc.o)
    0x000070ce   0x00000002   PAD
    0x000070d0   0x00000008   Code   RO         2259    i.get_us_ticker_data  mbed.lib(us_ticker_api.o)
    0x000070d8   0x00000090   Code   RO         2356    i.gpio_dir          mbed.lib(gpio_api.o)
    0x00007168   0x00000038   Code   RO         2357    i.gpio_init         mbed.lib(gpio_api.o)
    0x000071a0   0x00000012   Code   RO         1036    i.gpio_init_in      mbed.lib(gpio.o)
    0x000071b2   0x00000014   Code   RO         1037    i.gpio_init_in_ex   mbed.lib(gpio.o)
    0x000071c6   0x00000012   Code   RO         1039    i.gpio_init_out     mbed.lib(gpio.o)
    0x000071d8   0x00000016   Code   RO         1040    i.gpio_init_out_ex  mbed.lib(gpio.o)
    0x000071ee   0x00000012   Code   RO         2358    i.gpio_mode         mbed.lib(gpio_api.o)
    0x00007200   0x00000070   Code   RO         2359    i.gpio_set          mbed.lib(gpio_api.o)
    0x00007270   0x00000080   Code   RO         1041    i.gpio_write        mbed.lib(gpio.o)
    0x000072f0   0x00000080   Code   RO         4014    i.gpio_write        mbed.lib(board.o)
    0x00007370   0x00000016   Code   RO         4161    i.i2c_clear_SI      mbed.lib(i2c_api.o)
    0x00007386   0x00000018   Code   RO         4162    i.i2c_conclr        mbed.lib(i2c_api.o)
    0x0000739e   0x00000018   Code   RO         4163    i.i2c_conset        mbed.lib(i2c_api.o)
    0x000073b6   0x0000003e   Code   RO         4164    i.i2c_do_read       mbed.lib(i2c_api.o)
    0x000073f4   0x00000020   Code   RO         4165    i.i2c_do_write      mbed.lib(i2c_api.o)
    0x00007414   0x0000001c   Code   RO         4166    i.i2c_frequency     mbed.lib(i2c_api.o)
    0x00007430   0x00000144   Code   RO         4167    i.i2c_init          mbed.lib(i2c_api.o)
    0x00007574   0x000000b0   Code   RO         4168    i.i2c_read          mbed.lib(i2c_api.o)
    0x00007624   0x00000048   Code   RO         4277    i.i2c_start         mbed.lib(i2c_api.o)
    0x0000766c   0x00000008   Code   RO         4175    i.i2c_status        mbed.lib(i2c_api.o)
    0x00007674   0x00000040   Code   RO         4283    i.i2c_stop          mbed.lib(i2c_api.o)
    0x000076b4   0x00000028   Code   RO         4176    i.i2c_wait_SI       mbed.lib(i2c_api.o)
    0x000076dc   0x00000082   Code   RO         4177    i.i2c_write         mbed.lib(i2c_api.o)
    0x0000775e   0x00000002   PAD
    0x00007760   0x0000003c   Code   RO          771    i.main              asteroids.o
    0x0000779c   0x0000004c   Code   RO         1014    i.mbed_assert_internal  mbed.lib(assert.o)
    0x000077e8   0x00000074   Code   RO         4015    i.mbed_die          mbed.lib(board.o)
    0x0000785c   0x00000002   Code   RO         2415    i.mbed_main         mbed.lib(retarget.o)
    0x0000785e   0x00000002   Code   RO         2416    i.mbed_sdk_init     mbed.lib(retarget.o)
    0x00007860   0x00000074   Code   RO         3691    i.pin_function      mbed.lib(pinmap.o)
    0x000078d4   0x0000008c   Code   RO         3692    i.pin_mode          mbed.lib(pinmap.o)
    0x00007960   0x00000020   Code   RO         4110    i.pinmap_find_peripheral  mbed.lib(pinmap_common.o)
    0x00007980   0x00000040   Code   RO         4112    i.pinmap_merge      mbed.lib(pinmap_common.o)
    0x000079c0   0x0000004c   Code   RO         4113    i.pinmap_peripheral  mbed.lib(pinmap_common.o)
    0x00007a0c   0x00000054   Code   RO         4114    i.pinmap_pinout     mbed.lib(pinmap_common.o)
    0x00007a60   0x000000f4   Code   RO         3769    i.pwmout_init       mbed.lib(pwmout_api.o)
    0x00007b54   0x00000016   Code   RO         3771    i.pwmout_period_ms  mbed.lib(pwmout_api.o)
    0x00007b6a   0x00000002   PAD
    0x00007b6c   0x00000044   Code   RO         3772    i.pwmout_period_us  mbed.lib(pwmout_api.o)
    0x00007bb0   0x00000068   Code   RO         3777    i.pwmout_write      mbed.lib(pwmout_api.o)
    0x00007c18   0x00000144   Code   RO         3849    i.serial_baud       mbed.lib(serial_api.o)
    0x00007d5c   0x000000fc   Code   RO         3853    i.serial_format     mbed.lib(serial_api.o)
    0x00007e58   0x000001ac   Code   RO         3856    i.serial_init       mbed.lib(serial_api.o)
    0x00008004   0x00000018   Code   RO         3860    i.serial_putc       mbed.lib(serial_api.o)
    0x0000801c   0x0000000c   Code   RO         3862    i.serial_writable   mbed.lib(serial_api.o)
    0x00008028   0x00000050   Code   RO         2204    i.ticker_insert_event  mbed.lib(ticker_api.o)
    0x00008078   0x0000005a   Code   RO         2205    i.ticker_irq_handler  mbed.lib(ticker_api.o)
    0x000080d2   0x0000000c   Code   RO         2206    i.ticker_read       mbed.lib(ticker_api.o)
    0x000080de   0x00000052   Code   RO         2207    i.ticker_remove_event  mbed.lib(ticker_api.o)
    0x00008130   0x00000012   Code   RO         2208    i.ticker_set_handler  mbed.lib(ticker_api.o)
    0x00008142   0x00000002   PAD
    0x00008144   0x0000000c   Code   RO         3717    i.us_ticker_clear_interrupt  mbed.lib(us_ticker.o)
    0x00008150   0x00000014   Code   RO         3718    i.us_ticker_disable_interrupt  mbed.lib(us_ticker.o)
    0x00008164   0x00000074   Code   RO         3719    i.us_ticker_init    mbed.lib(us_ticker.o)
    0x000081d8   0x00000010   Code   RO         2260    i.us_ticker_irq_handler  mbed.lib(us_ticker_api.o)
    0x000081e8   0x0000001c   Code   RO         3720    i.us_ticker_read    mbed.lib(us_ticker.o)
    0x00008204   0x00000014   Code   RO         3721    i.us_ticker_set_interrupt  mbed.lib(us_ticker.o)
    0x00008218   0x00000028   Code   RO         3308    i.wait              mbed.lib(wait_api.o)
    0x00008240   0x00000012   Code   RO         3309    i.wait_ms           mbed.lib(wait_api.o)
    0x00008252   0x00000018   Code   RO         3310    i.wait_us           mbed.lib(wait_api.o)
    0x0000826a   0x00000002   PAD
    0x0000826c   0x0000002c   Code   RO         5046    locale$$code        c_w.l(lc_numeric_c.o)
    0x00008298   0x0000002c   Code   RO         5119    locale$$code        c_w.l(lc_ctype_c.o)
    0x000082c4   0x00000008   Code   RO          818    t._ZN4mbed19FunctionPointerArg1IvvE6attachEPFvvE  asteroids.o
    0x000082cc   0x0000000a   Code   RO         4993    x$fpl$fpinit        fz_wm.l(fpinit.o)
    0x000082d6   0x00000004   Code   RO         4832    x$fpl$printf1       fz_wm.l(printf1.o)
    0x000082da   0x00000004   Code   RO         4834    x$fpl$printf2       fz_wm.l(printf2.o)
    0x000082de   0x00000000   Code   RO         5092    x$fpl$usenofp       fz_wm.l(usenofp.o)
    0x000082de   0x000004fb   Data   RO         1519    .constdata          ebb.lib(adafruit_gfx.o)
    0x000087d9   0x00000003   PAD
    0x000087dc   0x0000001c   Data   RO         2261    .constdata          mbed.lib(us_ticker_api.o)
    0x000087f8   0x00000017   Data   RO         2458    .constdata          mbed.lib(retarget.o)
    0x0000880f   0x00000001   PAD
    0x00008810   0x00000190   Data   RO         3778    .constdata          mbed.lib(pwmout_api.o)
    0x000089a0   0x0000012c   Data   RO         3870    .constdata          mbed.lib(serial_api.o)
    0x00008acc   0x00000128   Data   RO         4178    .constdata          mbed.lib(i2c_api.o)
    0x00008bf4   0x00000028   Data   RO         4391    .constdata          c_w.l(_printf_hex_int_ll_ptr.o)
    0x00008c1c   0x00000011   Data   RO         4411    .constdata          c_w.l(__printf_flags_ss_wp.o)
    0x00008c2d   0x00000003   PAD
    0x00008c30   0x00000008   Data   RO         4671    .constdata          c_w.l(_printf_wctomb.o)
    0x00008c38   0x00000026   Data   RO         4877    .constdata          c_w.l(_printf_fp_hex.o)
    0x00008c5e   0x00000002   PAD
    0x00008c60   0x00000094   Data   RO         5019    .constdata          c_w.l(bigflt0.o)
    0x00008cf4   0x0000001c   Data   RO         3102    .constdata__ZTV10EaLcdBoard  ebb.lib(ealcdboard.o)
    0x00008d10   0x0000002c   Data   RO         1659    .constdata__ZTV12Adafruit_GFX  ebb.lib(adafruit_gfx.o)
    0x00008d3c   0x0000001c   Data   RO         2722    .constdata__ZTV14EaLcdBoardGPIO  ebb.lib(ealcdboardgpio.o)
    0x00008d58   0x0000002c   Data   RO         3186    .constdata__ZTV5GFXFb  ebb.lib(gfxfb.o)
    0x00008d84   0x00000070   Data   RO         1968    .constdata__ZTV7Display  ebb.lib(display.o)
    0x00008df4   0x0000002c   Data   RO         2624    .constdata__ZTVN4mbed10FileHandleE  mbed.lib(retarget.o)
    0x00008e20   0x00000014   Data   RO         1455    .constdata__ZTVN4mbed10TimerEventE  mbed.lib(timerevent.o)
    0x00008e34   0x00000044   Data   RO         1251    .constdata__ZTVN4mbed6StreamE  mbed.lib(stream.o)
    0x00008e78   0x00000014   Data   RO         1367    .constdata__ZTVN4mbed6TickerE  mbed.lib(ticker.o)
    0x00008e8c   0x00000010   Data   RO         3394    .constdata__ZTVN4mbed8FileBaseE  mbed.lib(filebase.o)
    0x00008e9c   0x0000003c   Data   RO         2322    .constdata__ZTVN4mbed8FileLikeE  mbed.lib(filelike.o)
    0x00008ed8   0x00000048   Data   RO           69    .conststring        controller.o
    0x00008f20   0x00000042   Data   RO         3779    .conststring        mbed.lib(pwmout_api.o)
    0x00008f62   0x00000002   PAD
    0x00008f64   0x000000c6   Data   RO         3871    .conststring        mbed.lib(serial_api.o)
    0x0000902a   0x00000002   PAD
    0x0000902c   0x00000020   Data   RO         5216    Region$$Table       anon$$obj.o
    0x0000904c   0x0000001c   Data   RO         5045    locale$$data        c_w.l(lc_numeric_c.o)
    0x00009068   0x00000110   Data   RO         5118    locale$$data        c_w.l(lc_ctype_c.o)
    0x00009178   0x00000004   Data   RO           71    .init_array         controller.o
    0x0000917c   0x00000004   Data   RO          522    .init_array         view.o
    0x00009180   0x00000004   Data   RO          778    .init_array         asteroids.o
    0x00009184   0x00000000   Data   RO         4487    .init_array         c_w.l(init_aeabi.o)


    Execution Region RW_IRAM1 (Base: 0x100000e8, Size: 0x00000bb8, Max: 0x0000ff18, ABSOLUTE)

    Base Addr    Size         Type   Attr      Idx    E Section Name        Object

    0x100000e8   0x00000014   Data   RW           70    .data               controller.o
    0x100000fc   0x0000001c   Data   RW          400    .data               model.o
    0x10000118   0x00000004   Data   RW          521    .data               view.o
    0x1000011c   0x00000019   Data   RW          777    .data               asteroids.o
    0x10000135   0x00000003   PAD
    0x10000138   0x00000010   Data   RW          942    .data               system_lpc407x_8x_177x_8x.o
    0x10000148   0x00000008   Data   RW         1930    .data               ebb.lib(display.o)
    0x10000150   0x00000008   Data   RW         2262    .data               mbed.lib(us_ticker_api.o)
    0x10000158   0x00000010   Data   RW         3217    .data               ebb.lib(sdram.o)
    0x10000168   0x00000004   Data   RW         3357    .data               mbed.lib(filebase.o)
    0x1000016c   0x00000004   Data   RW         3630    .data               mbed.lib(i2c.o)
    0x10000170   0x00000004   Data   RW         3722    .data               mbed.lib(us_ticker.o)
    0x10000174   0x00000004   Data   RW         3780    .data               mbed.lib(pwmout_api.o)
    0x10000178   0x00000010   Data   RW         3872    .data               mbed.lib(serial_api.o)
    0x10000188   0x00000001   Data   RW         4058    .data               ebb.lib(lcdcontroller.o)
    0x10000189   0x00000003   PAD
    0x1000018c   0x00000004   Data   RW         4442    .data               c_w.l(stdio_streams.o)
    0x10000190   0x00000004   Data   RW         4443    .data               c_w.l(stdio_streams.o)
    0x10000194   0x00000004   Data   RW         4444    .data               c_w.l(stdio_streams.o)
    0x10000198   0x00000078   Zero   RW           68    .bss                controller.o
    0x10000210   0x00000370   Zero   RW          399    .bss                model.o
    0x10000580   0x000000d8   Zero   RW          776    .bss                asteroids.o
    0x10000658   0x00000040   Zero   RW         2457    .bss                mbed.lib(retarget.o)
    0x10000698   0x00000400   Zero   RW         2959    .bss                ebb.lib(ealcdboard.o)
    0x10000a98   0x00000054   Zero   RW         4439    .bss                c_w.l(stdio_streams.o)
    0x10000aec   0x00000054   Zero   RW         4440    .bss                c_w.l(stdio_streams.o)
    0x10000b40   0x00000054   Zero   RW         4441    .bss                c_w.l(stdio_streams.o)
    0x10000b94   0x000000e4   Zero   RW         4459    .bss                c_w.l(rand.o)
    0x10000c78   0x00000004   Zero   RW         4618    .bss                c_w.l(rt_heap_descriptor.o)
    0x10000c7c   0x00000004   Zero   RW         4623    .bss                c_w.l(rt_new_handler_addr.o)
    0x10000c80   0x00000004   Zero   RW         4628    .bss                c_w.l(rt_ddtor_pointer_addr.o)
    0x10000c84   0x00000014   Zero   RW         5000    .bss                c_w.l(rt_locale.o)
    0x10000c98   0x00000004   Zero   RW         5005    .bss                c_w.l(rt_eh_globals_addr.o)
    0x10000c9c   0x00000004   Zero   RW         5010    .bss                c_w.l(rt_errno_addr.o)


    Execution Region RW_IRAM2 (Base: 0x20000000, Size: 0x00000000, Max: 0x00004000, ABSOLUTE)

    **** No section assigned to this execution region ****


    Execution Region RW_IRAM3 (Base: 0x20004000, Size: 0x00000000, Max: 0x00004000, ABSOLUTE)

    **** No section assigned to this execution region ****



  Load Region LR_IROM2 (Base: 0x28000000, Size: 0x00000000, Max: 0x01000000, ABSOLUTE)

    Execution Region ER_IROM2 (Base: 0x28000000, Size: 0x00000000, Max: 0x01000000, ABSOLUTE)

    **** No section assigned to this execution region ****


==============================================================================

Image component sizes


      Code (inc. data)   RO Data    RW Data    ZI Data      Debug   Object Name

       576        154          4         25        216       7041   asteroids.o
        64          6          0          0          0      28233   cmsis_nvic.o
       554         52         76         20        120      12424   controller.o
      1974        186          0         28        880      10891   model.o
        40         12        228          0          0       1316   startup_lpc407x_8x_177x_8x.o
        48          6          0          0          0       3325   sys.o
      1040         62          0         16          0       5028   system_lpc407x_8x_177x_8x.o
        24          0          0          0          0       6311   utils.o
      3444        180          4          4          0      52703   view.o

    ----------------------------------------------------------------------
      7768        658        344         96       1216     127272   Object Totals
         0          0         32          0          0          0   (incl. Generated)
         4          0          0          3          0          0   (incl. Padding)

    ----------------------------------------------------------------------

      Code (inc. data)   RO Data    RW Data    ZI Data      Debug   Library Member Name

        60          8          0          0          0         84   __0sscanf.o
        44          6          0          0          0         84   __2sprintf.o
         8          0          0          0          0         68   __main.o
       392          4         17          0          0         92   __printf_flags_ss_wp.o
        14          0          0          0          0         68   __printf_wp.o
         0          0          0          0          0          0   __rtentry.o
        12          0          0          0          0          0   __rtentry2.o
         6          0          0          0          0          0   __rtentry4.o
        52          8          0          0          0          0   __scatter.o
        26          0          0          0          0          0   __scatter_copy.o
        28          0          0          0          0          0   __scatter_zi.o
        28          0          0          0          0         68   _chval.o
         6          0          0          0          0          0   _printf_a.o
         6          0          0          0          0          0   _printf_c.o
        44          0          0          0          0        108   _printf_char.o
        48          6          0          0          0         96   _printf_char_common.o
        36          4          0          0          0         80   _printf_char_file.o
        40          0          0          0          0         68   _printf_charcount.o
         6          0          0          0          0          0   _printf_d.o
       120         16          0          0          0         92   _printf_dec.o
         6          0          0          0          0          0   _printf_e.o
         6          0          0          0          0          0   _printf_f.o
      1050          0          0          0          0        216   _printf_fp_dec.o
       764          8         38          0          0        100   _printf_fp_hex.o
       128         16          0          0          0         84   _printf_fp_infnan.o
         6          0          0          0          0          0   _printf_g.o
       148          4         40          0          0        160   _printf_hex_int_ll_ptr.o
         6          0          0          0          0          0   _printf_i.o
       178          0          0          0          0         88   _printf_intcommon.o
        10          0          0          0          0          0   _printf_l.o
         6          0          0          0          0          0   _printf_lc.o
        10          0          0          0          0          0   _printf_ll.o
         6          0          0          0          0          0   _printf_lld.o
         6          0          0          0          0          0   _printf_lli.o
         6          0          0          0          0          0   _printf_llo.o
         6          0          0          0          0          0   _printf_llu.o
         6          0          0          0          0          0   _printf_llx.o
       124         16          0          0          0         92   _printf_longlong_dec.o
         6          0          0          0          0          0   _printf_ls.o
         6          0          0          0          0          0   _printf_n.o
         6          0          0          0          0          0   _printf_o.o
       112          8          0          0          0        124   _printf_oct_int_ll.o
         6          0          0          0          0          0   _printf_p.o
        78          0          0          0          0        108   _printf_pad.o
         0          0          0          0          0          0   _printf_percent.o
         4          0          0          0          0          0   _printf_percent_end.o
         6          0          0          0          0          0   _printf_s.o
        82          0          0          0          0         80   _printf_str.o
        36          0          0          0          0         84   _printf_truncate.o
         6          0          0          0          0          0   _printf_u.o
        44          0          0          0          0        108   _printf_wchar.o
       188          6          8          0          0         92   _printf_wctomb.o
         6          0          0          0          0          0   _printf_x.o
       884          6          0          0          0        100   _scanf.o
       332          0          0          0          0         96   _scanf_int.o
        64          0          0          0          0         84   _sgetc.o
        10          0          0          0          0         68   _sputc.o
        64          0          0          0          0         92   _wcrtomb.o
        22          0          0          0          0         80   abort.o
        46          0          0          0          0         84   aeabi_atexit.o
       220          4        148          0          0         96   bigflt0.o
      1910        128          0          0          0        672   btod.o
        10          0          0          0          0         68   c89vfprintf.o
        66          0          0          0          0         84   cxa_finalize.o
        48         34          0          0          0         76   defsig_abrt_inner.o
        14          0          0          0          0         80   defsig_abrt_outer.o
        10          0          0          0          0         68   defsig_exit.o
        50          0          0          0          0         88   defsig_general.o
        48         34          0          0          0         76   defsig_pvfn_inner.o
        14          0          0          0          0         80   defsig_pvfn_outer.o
        80         58          0          0          0         76   defsig_rtmem_inner.o
        14          0          0          0          0         80   defsig_rtmem_outer.o
        52         38          0          0          0         76   defsig_rtred_inner.o
        14          0          0          0          0         80   defsig_rtred_outer.o
        76          0          0          0          0         88   fclose.o
         8          0          0          0          0         68   ferror.o
       100          4          0          0          0        120   fflush.o
       470          0          0          0          0         88   flsbuf.o
       236          4          0          0          0        128   fopen.o
        26          0          0          0          0         68   fputc.o
       248          6          0          0          0         84   fseek.o
        66          0          0          0          0         76   ftell.o
        94          0          0          0          0         80   h1_alloc.o
        52          0          0          0          0         68   h1_extend.o
        78          0          0          0          0         80   h1_free.o
        14          0          0          0          0         84   h1_init.o
         8          0          0          0          0         84   heapauxmm.o
         4          0          0          0          0        136   hguard.o
         0          0          0          0          0          0   indicate_semi.o
        36         10          0          0          0         80   init_aeabi.o
       138          0          0          0          0        168   init_alloc.o
       312         46          0          0          0        112   initio.o
        18          0          0          0          0         76   isspace.o
        44         10        272          0          0         76   lc_ctype_c.o
        44         10         28          0          0         76   lc_numeric_c.o
         2          0          0          0          0          0   libinit.o
        54          0          0          0          0          0   libinit2.o
         0          0          0          0          0          0   libshutdown2.o
       138          0          0          0          0         80   lludiv10.o
         0          0          0          0          0          0   maybetermalloc1.o
       112         18          0          0        228        160   rand.o
        16          4          0          0          0         76   rt_ctype_table.o
         8          4          0          0          4         68   rt_ddtor_pointer_addr.o
         8          4          0          0          4         68   rt_eh_globals_addr.o
         8          4          0          0          4         68   rt_errno_addr.o
         8          4          0          0          4         68   rt_heap_descriptor.o
         8          4          0          0         20         68   rt_locale.o
        68          0          0          0          0         68   rt_memclr.o
        78          0          0          0          0         80   rt_memclr_w.o
       100          0          0          0          0         80   rt_memcpy_w.o
         8          4          0          0          4         68   rt_new_handler_addr.o
        44          8          0          0          0         84   scanf_char.o
        20          0          0          0          0         68   setbuf.o
        70          0          0          0          0         80   setvbuf.o
       240          6          0          0          0        156   stdio.o
         0          0          0         12        252          0   stdio_streams.o
       128          0          0          0          0         68   strcmpv7m.o
        62          0          0          0          0         76   strlen.o
       150          0          0          0          0         80   strncmp.o
        12          4          0          0          0         68   sys_exit.o
        14          0          0          0          0         76   sys_wrch.o
         2          0          0          0          0         68   use_no_semi.o
        10          0          0          0          0         68   vfprintf.o
        80         12          0          0          0        104   arm_exceptions_globs.o
        60          0          0          0          0        108   arm_exceptions_mem.o
        26          0          0          0          0         76   arm_exceptions_terminate.o
         4          0          0          0          0         68   arm_newhandler_noexceptions.o
        16          0          0          0          0         68   cxa_guard_acquire.o
        40          6          0          0          0         76   new.o
         6          0          0          0          0         68   pure_virt.o
      1572         10       1319          0          0      21600   adafruit_gfx.o
       512         74        112          8          0      44260   display.o
      1810         52         28          0       1024      22892   ealcdboard.o
       488         58         28          0          0      39820   ealcdboardgpio.o
       350          4         44          0          0       5616   gfxfb.o
      1026         62          0          1          0       6340   lcdcontroller.o
      1694         98          0         16          0       7272   sdram.o
        10          0          0          0          0        116   fpinit.o
         4          0          0          0          0        116   printf1.o
         4          0          0          0          0        116   printf2.o
         0          0          0          0          0          0   usenofp.o
        48          0          0          0          0        124   fpclassify.o
        76         54          0          0          0        655   assert.o
       244         82          0          0          0       1199   board.o
        32          4          0          0          0       1808   error.o
       102         12         16          4          0       1944   filebase.o
       102         10         60          0          0       3600   filelike.o
       212          0          0          0          0       6320   filepath.o
       296         82          0          0          0      32352   gpio.o
       330        154          0          0          0       3390   gpio_api.o
       192         16          0          4          0       4348   i2c.o
      1006        122        296          0          0      11773   i2c_api.o
       256        148          0          0          0       1770   pinmap.o
       256         76          0          0          0       2968   pinmap_common.o
       438         68        466          4          0       4111   pwmout_api.o
       686         68         67          0         64      15654   retarget.o
      1040        144        498         16          0       6983   serial_api.o
       184         14         68          0          0      36960   stream.o
       112          0         20          0          0       5732   ticker.o
       282          0          0          0          0       4492   ticker_api.o
       118         16         20          0          0       2628   timerevent.o
       196         48          0          4          0      29744   us_ticker.o
        24         10         28          8          0       1537   us_ticker_api.o
        82          4          0          0          0       1639   wait_api.o

    ----------------------------------------------------------------------
     25506       2074       3634         80       1608     338679   Library Totals
        44          0         13          3          0          0   (incl. Padding)

    ----------------------------------------------------------------------

      Code (inc. data)   RO Data    RW Data    ZI Data      Debug   Library Name

     11446        566        551         12        520       8232   c_w.l
       232         18          0          0          0        568   cpprt_w.l
      7452        358       1531         25       1024     147800   ebb.lib
        18          0          0          0          0        348   fz_wm.l
        48          0          0          0          0        124   m_wm.l
      6266       1132       1539         40         64     181607   mbed.lib

    ----------------------------------------------------------------------
     25506       2074       3634         80       1608     338679   Library Totals

    ----------------------------------------------------------------------

==============================================================================


      Code (inc. data)   RO Data    RW Data    ZI Data      Debug   

     33274       2732       3978        176       2824     439703   Grand Totals
     33274       2732       3978        176       2824     439703   ELF Image Totals
     33274       2732       3978        176          0          0   ROM Totals

==============================================================================

    Total RO  Size (Code + RO Data)                37252 (  36.38kB)
    Total RW  Size (RW Data + ZI Data)              3000 (   2.93kB)
    Total ROM Size (Code + RO Data + RW Data)      37428 (  36.55kB)

==============================================================================

